../Core/Src/main.c:76:5:main	8	static
../Core/Src/main.c:121:6:SystemClock_Config	80	static
../Core/Src/main.c:158:13:MX_UART4_Init	8	static
../Core/Src/main.c:191:13:MX_GPIO_Init	40	static
../Core/Src/main.c:233:6:HAL_UART_RxCpltCallback	16	static
../Core/Src/main.c:259:6:Response_ReadHoldingRegister	24	static
../Core/Src/main.c:285:6:Response_PresetMultipleRegister	32	static
../Core/Src/main.c:317:14:get_CRC16	40	static
../Core/Src/main.c:352:6:Error_Handler	4	static,ignoring_inline_asm
