Archive member included to satisfy reference by file (symbol)

C:/ST/STM32CubeIDE_1.17.0/STM32CubeIDE/plugins/com.st.stm32cube.ide.mcu.externaltools.gnu-tools-for-stm32.12.3.rel1.win32_1.1.0.202410251130/tools/bin/../lib/gcc/arm-none-eabi/12.3.1/thumb/v7-m/nofp\libgcc.a(_aeabi_uldivmod.o)
                              CMakeFiles/modbusSlave.elf.dir/Drivers/STM32F2xx_HAL_Driver/Src/stm32f2xx_hal_rcc.c.obj (__aeabi_uldivmod)
C:/ST/STM32CubeIDE_1.17.0/STM32CubeIDE/plugins/com.st.stm32cube.ide.mcu.externaltools.gnu-tools-for-stm32.12.3.rel1.win32_1.1.0.202410251130/tools/bin/../lib/gcc/arm-none-eabi/12.3.1/thumb/v7-m/nofp\libgcc.a(_udivmoddi4.o)
                              C:/ST/STM32CubeIDE_1.17.0/STM32CubeIDE/plugins/com.st.stm32cube.ide.mcu.externaltools.gnu-tools-for-stm32.12.3.rel1.win32_1.1.0.202410251130/tools/bin/../lib/gcc/arm-none-eabi/12.3.1/thumb/v7-m/nofp\libgcc.a(_aeabi_uldivmod.o) (__udivmoddi4)
C:/ST/STM32CubeIDE_1.17.0/STM32CubeIDE/plugins/com.st.stm32cube.ide.mcu.externaltools.gnu-tools-for-stm32.12.3.rel1.win32_1.1.0.202410251130/tools/bin/../lib/gcc/arm-none-eabi/12.3.1/thumb/v7-m/nofp\libgcc.a(_dvmd_tls.o)
                              C:/ST/STM32CubeIDE_1.17.0/STM32CubeIDE/plugins/com.st.stm32cube.ide.mcu.externaltools.gnu-tools-for-stm32.12.3.rel1.win32_1.1.0.202410251130/tools/bin/../lib/gcc/arm-none-eabi/12.3.1/thumb/v7-m/nofp\libgcc.a(_aeabi_uldivmod.o) (__aeabi_ldiv0)
C:/ST/STM32CubeIDE_1.17.0/STM32CubeIDE/plugins/com.st.stm32cube.ide.mcu.externaltools.gnu-tools-for-stm32.12.3.rel1.win32_1.1.0.202410251130/tools/bin/../lib/gcc/arm-none-eabi/12.3.1/../../../../arm-none-eabi/lib/thumb/v7-m/nofp\libg.a(libc_a-exit.o)
                              C:/ST/STM32CubeIDE_1.17.0/STM32CubeIDE/plugins/com.st.stm32cube.ide.mcu.externaltools.gnu-tools-for-stm32.12.3.rel1.win32_1.1.0.202410251130/tools/bin/../lib/gcc/arm-none-eabi/12.3.1/../../../../arm-none-eabi/lib/thumb/v7-m/nofp/crt0.o (exit)
C:/ST/STM32CubeIDE_1.17.0/STM32CubeIDE/plugins/com.st.stm32cube.ide.mcu.externaltools.gnu-tools-for-stm32.12.3.rel1.win32_1.1.0.202410251130/tools/bin/../lib/gcc/arm-none-eabi/12.3.1/../../../../arm-none-eabi/lib/thumb/v7-m/nofp\libg.a(libc_a-findfp.o)
                              C:/ST/STM32CubeIDE_1.17.0/STM32CubeIDE/plugins/com.st.stm32cube.ide.mcu.externaltools.gnu-tools-for-stm32.12.3.rel1.win32_1.1.0.202410251130/tools/bin/../lib/gcc/arm-none-eabi/12.3.1/../../../../arm-none-eabi/lib/thumb/v7-m/nofp\libg.a(libc_a-exit.o) (__stdio_exit_handler)
C:/ST/STM32CubeIDE_1.17.0/STM32CubeIDE/plugins/com.st.stm32cube.ide.mcu.externaltools.gnu-tools-for-stm32.12.3.rel1.win32_1.1.0.202410251130/tools/bin/../lib/gcc/arm-none-eabi/12.3.1/../../../../arm-none-eabi/lib/thumb/v7-m/nofp\libg.a(libc_a-fwalk.o)
                              C:/ST/STM32CubeIDE_1.17.0/STM32CubeIDE/plugins/com.st.stm32cube.ide.mcu.externaltools.gnu-tools-for-stm32.12.3.rel1.win32_1.1.0.202410251130/tools/bin/../lib/gcc/arm-none-eabi/12.3.1/../../../../arm-none-eabi/lib/thumb/v7-m/nofp\libg.a(libc_a-findfp.o) (_fwalk_sglue)
C:/ST/STM32CubeIDE_1.17.0/STM32CubeIDE/plugins/com.st.stm32cube.ide.mcu.externaltools.gnu-tools-for-stm32.12.3.rel1.win32_1.1.0.202410251130/tools/bin/../lib/gcc/arm-none-eabi/12.3.1/../../../../arm-none-eabi/lib/thumb/v7-m/nofp\libg.a(libc_a-stdio.o)
                              C:/ST/STM32CubeIDE_1.17.0/STM32CubeIDE/plugins/com.st.stm32cube.ide.mcu.externaltools.gnu-tools-for-stm32.12.3.rel1.win32_1.1.0.202410251130/tools/bin/../lib/gcc/arm-none-eabi/12.3.1/../../../../arm-none-eabi/lib/thumb/v7-m/nofp\libg.a(libc_a-findfp.o) (__sread)
C:/ST/STM32CubeIDE_1.17.0/STM32CubeIDE/plugins/com.st.stm32cube.ide.mcu.externaltools.gnu-tools-for-stm32.12.3.rel1.win32_1.1.0.202410251130/tools/bin/../lib/gcc/arm-none-eabi/12.3.1/../../../../arm-none-eabi/lib/thumb/v7-m/nofp\libg.a(libc_a-memset.o)
                              C:/ST/STM32CubeIDE_1.17.0/STM32CubeIDE/plugins/com.st.stm32cube.ide.mcu.externaltools.gnu-tools-for-stm32.12.3.rel1.win32_1.1.0.202410251130/tools/bin/../lib/gcc/arm-none-eabi/12.3.1/../../../../arm-none-eabi/lib/thumb/v7-m/nofp/crt0.o (memset)
C:/ST/STM32CubeIDE_1.17.0/STM32CubeIDE/plugins/com.st.stm32cube.ide.mcu.externaltools.gnu-tools-for-stm32.12.3.rel1.win32_1.1.0.202410251130/tools/bin/../lib/gcc/arm-none-eabi/12.3.1/../../../../arm-none-eabi/lib/thumb/v7-m/nofp\libg.a(libc_a-closer.o)
                              C:/ST/STM32CubeIDE_1.17.0/STM32CubeIDE/plugins/com.st.stm32cube.ide.mcu.externaltools.gnu-tools-for-stm32.12.3.rel1.win32_1.1.0.202410251130/tools/bin/../lib/gcc/arm-none-eabi/12.3.1/../../../../arm-none-eabi/lib/thumb/v7-m/nofp\libg.a(libc_a-stdio.o) (_close_r)
C:/ST/STM32CubeIDE_1.17.0/STM32CubeIDE/plugins/com.st.stm32cube.ide.mcu.externaltools.gnu-tools-for-stm32.12.3.rel1.win32_1.1.0.202410251130/tools/bin/../lib/gcc/arm-none-eabi/12.3.1/../../../../arm-none-eabi/lib/thumb/v7-m/nofp\libg.a(libc_a-reent.o)
[...]
Memory Configuration

Name             Origin             Length             Attributes
RAM              0x20000000         0x00014000         xrw
RAM2             0x2001c000         0x00004000         xrw
FLASH            0x08000000         0x00040000         xr
*default*        0x00000000         0xffffffff

Linker script and memory map

LOAD C:/ST/STM32CubeIDE_1.17.0/STM32CubeIDE/plugins/com.st.stm32cube.ide.mcu.externaltools.gnu-tools-for-stm32.12.3.rel1.win32_1.1.0.202410251130/tools/bin/../lib/gcc/arm-none-eabi/12.3.1/thumb/v7-m/nofp/crti.o
LOAD C:/ST/STM32CubeIDE_1.17.0/STM32CubeIDE/plugins/com.st.stm32cube.ide.mcu.externaltools.gnu-tools-for-stm32.12.3.rel1.win32_1.1.0.202410251130/tools/bin/../lib/gcc/arm-none-eabi/12.3.1/thumb/v7-m/nofp/crtbegin.o
LOAD C:/ST/STM32CubeIDE_1.17.0/STM32CubeIDE/plugins/com.st.stm32cube.ide.mcu.externaltools.gnu-tools-for-stm32.12.3.rel1.win32_1.1.0.202410251130/tools/bin/../lib/gcc/arm-none-eabi/12.3.1/../../../../arm-none-eabi/lib/thumb/v7-m/nofp/crt0.o
LOAD CMakeFiles/modbusSlave.elf.dir/Core/Src/main.c.obj
LOAD CMakeFiles/modbusSlave.elf.dir/Core/Src/stm32f2xx_hal_msp.c.obj
LOAD CMakeFiles/modbusSlave.elf.dir/Core/Src/stm32f2xx_it.c.obj
LOAD CMakeFiles/modbusSlave.elf.dir/Core/Src/syscalls.c.obj
LOAD CMakeFiles/modbusSlave.elf.dir/Core/Src/sysmem.c.obj
LOAD CMakeFiles/modbusSlave.elf.dir/Core/Src/system_stm32f2xx.c.obj
LOAD CMakeFiles/modbusSlave.elf.dir/Core/Startup/startup_stm32f205vctx.s.obj
LOAD CMakeFiles/modbusSlave.elf.dir/Drivers/STM32F2xx_HAL_Driver/Src/stm32f2xx_hal.c.obj
LOAD CMakeFiles/modbusSlave.elf.dir/Drivers/STM32F2xx_HAL_Driver/Src/stm32f2xx_hal_cortex.c.obj
LOAD CMakeFiles/modbusSlave.elf.dir/Drivers/STM32F2xx_HAL_Driver/Src/stm32f2xx_hal_dma.c.obj
LOAD CMakeFiles/modbusSlave.elf.dir/Drivers/STM32F2xx_HAL_Driver/Src/stm32f2xx_hal_dma_ex.c.obj
LOAD CMakeFiles/modbusSlave.elf.dir/Drivers/STM32F2xx_HAL_Driver/Src/stm32f2xx_hal_exti.c.obj
LOAD CMakeFiles/modbusSlave.elf.dir/Drivers/STM32F2xx_HAL_Driver/Src/stm32f2xx_hal_flash.c.obj
LOAD CMakeFiles/modbusSlave.elf.dir/Drivers/STM32F2xx_HAL_Driver/Src/stm32f2xx_hal_flash_ex.c.obj
LOAD CMakeFiles/modbusSlave.elf.dir/Drivers/STM32F2xx_HAL_Driver/Src/stm32f2xx_hal_gpio.c.obj
LOAD CMakeFiles/modbusSlave.elf.dir/Drivers/STM32F2xx_HAL_Driver/Src/stm32f2xx_hal_pwr.c.obj
LOAD CMakeFiles/modbusSlave.elf.dir/Drivers/STM32F2xx_HAL_Driver/Src/stm32f2xx_hal_pwr_ex.c.obj
LOAD CMakeFiles/modbusSlave.elf.dir/Drivers/STM32F2xx_HAL_Driver/Src/stm32f2xx_hal_rcc.c.obj
LOAD CMakeFiles/modbusSlave.elf.dir/Drivers/STM32F2xx_HAL_Driver/Src/stm32f2xx_hal_rcc_ex.c.obj
LOAD CMakeFiles/modbusSlave.elf.dir/Drivers/STM32F2xx_HAL_Driver/Src/stm32f2xx_hal_uart.c.obj
START GROUP
LOAD C:/ST/STM32CubeIDE_1.17.0/STM32CubeIDE/plugins/com.st.stm32cube.ide.mcu.externaltools.gnu-tools-for-stm32.12.3.rel1.win32_1.1.0.202410251130/tools/bin/../lib/gcc/arm-none-eabi/12.3.1/thumb/v7-m/nofp\libgcc.a
LOAD C:/ST/STM32CubeIDE_1.17.0/STM32CubeIDE/plugins/com.st.stm32cube.ide.mcu.externaltools.gnu-tools-for-stm32.12.3.rel1.win32_1.1.0.202410251130/tools/bin/../lib/gcc/arm-none-eabi/12.3.1/../../../../arm-none-eabi/lib/thumb/v7-m/nofp\libg.a
LOAD C:/ST/STM32CubeIDE_1.17.0/STM32CubeIDE/plugins/com.st.stm32cube.ide.mcu.externaltools.gnu-tools-for-stm32.12.3.rel1.win32_1.1.0.202410251130/tools/bin/../lib/gcc/arm-none-eabi/12.3.1/../../../../arm-none-eabi/lib/thumb/v7-m/nofp\libc.a
END GROUP
LOAD C:/ST/STM32CubeIDE_1.17.0/STM32CubeIDE/plugins/com.st.stm32cube.ide.mcu.externaltools.gnu-tools-for-stm32.12.3.rel1.win32_1.1.0.202410251130/tools/bin/../lib/gcc/arm-none-eabi/12.3.1/thumb/v7-m/nofp/crtend.o
LOAD C:/ST/STM32CubeIDE_1.17.0/STM32CubeIDE/plugins/com.st.stm32cube.ide.mcu.externaltools.gnu-tools-for-stm32.12.3.rel1.win32_1.1.0.202410251130/tools/bin/../lib/gcc/arm-none-eabi/12.3.1/thumb/v7-m/nofp/crtn.o
                0x20014000                        _estack = (ORIGIN (RAM) + LENGTH (RAM))
                0x00000200                        _Min_Heap_Size = 0x200
                0x00000400                        _Min_Stack_Size = 0x400

.isr_vector     0x08000000      0x184
                0x08000000                        . = ALIGN (0x4)
 *(.isr_vector)
 .isr_vector    0x08000000      0x184 CMakeFiles/modbusSlave.elf.dir/Core/Startup/startup_stm32f205vctx.s.obj
                0x08000000                g_pfnVectors
                0x08000184                        . = ALIGN (0x4)

.text           0x08000184     0x1b58
                0x08000184                        . = ALIGN (0x4)
 *(.text)
 .text          0x08000184       0x40 C:/ST/STM32CubeIDE_1.17.0/STM32CubeIDE/plugins/com.st.stm32cube.ide.mcu.externaltools.gnu-tools-for-stm32.12.3.rel1.win32_1.1.0.202410251130/tools/bin/../lib/gcc/arm-none-eabi/12.3.1/thumb/v7-m/nofp/crtbegin.o
 .text          0x080001c4       0x30 C:/ST/STM32CubeIDE_1.17.0/STM32CubeIDE/plugins/com.st.stm32cube.ide.mcu.externaltools.gnu-tools-for-stm32.12.3.rel1.win32_1.1.0.202410251130/tools/bin/../lib/gcc/arm-none-eabi/12.3.1/thumb/v7-m/nofp\libgcc.a(_aeabi_uldivmod.o)
                0x080001c4                __aeabi_uldivmod
 .text          0x080001f4      0x2b8 C:/ST/STM32CubeIDE_1.17.0/STM32CubeIDE/plugins/com.st.stm32cube.ide.mcu.externaltools.gnu-tools-for-stm32.12.3.rel1.win32_1.1.0.202410251130/tools/bin/../lib/gcc/arm-none-eabi/12.3.1/thumb/v7-m/nofp\libgcc.a(_udivmoddi4.o)
                0x080001f4                __udivmoddi4
 .text          0x080004ac        0x4 C:/ST/STM32CubeIDE_1.17.0/STM32CubeIDE/plugins/com.st.stm32cube.ide.mcu.externaltools.gnu-tools-for-stm32.12.3.rel1.win32_1.1.0.202410251130/tools/bin/../lib/gcc/arm-none-eabi/12.3.1/thumb/v7-m/nofp\libgcc.a(_dvmd_tls.o)
                0x080004ac                __aeabi_idiv0
                0x080004ac                __aeabi_ldiv0
 *(.text*)
 .text.MX_GPIO_Init
                0x080004b0       0xb8 CMakeFiles/modbusSlave.elf.dir/Core/Src/main.c.obj
 .text.get_CRC16
                0x08000568       0x60 CMakeFiles/modbusSlave.elf.dir/Core/Src/main.c.obj
                0x08000568                get_CRC16
 .text.Response_ReadHoldingRegister
                0x080005c8       0xd0 CMakeFiles/modbusSlave.elf.dir/Core/Src/main.c.obj
                0x080005c8                Response_ReadHoldingRegister
 .text.HAL_UART_RxCpltCallback
                0x08000698       0x68 CMakeFiles/modbusSlave.elf.dir/Core/Src/main.c.obj
                0x08000698                HAL_UART_RxCpltCallback
 .text.Error_Handler
                0x08000700        0x4 CMakeFiles/modbusSlave.elf.dir/Core/Src/main.c.obj
                0x08000700                Error_Handler
 .text.MX_UART4_Init
                0x08000704       0x38 CMakeFiles/modbusSlave.elf.dir/Core/Src/main.c.obj
 .text.SystemClock_Config
                0x0800073c       0x52 CMakeFiles/modbusSlave.elf.dir/Core/Src/main.c.obj
                0x0800073c                SystemClock_Config
 *fill*         0x0800078e        0x2 
 .text.main     0x08000790       0x28 CMakeFiles/modbusSlave.elf.dir/Core/Src/main.c.obj
                0x08000790                main
 .text.HAL_MspInit
                0x080007b8       0x38 CMakeFiles/modbusSlave.elf.dir/Core/Src/stm32f2xx_hal_msp.c.obj
                0x080007b8                HAL_MspInit
 .text.HAL_UART_MspInit
                0x080007f0       0x80 CMakeFiles/modbusSlave.elf.dir/Core/Src/stm32f2xx_hal_msp.c.obj
                0x080007f0                HAL_UART_MspInit
 .text.NMI_Handler
                0x08000870        0x2 CMakeFiles/modbusSlave.elf.dir/Core/Src/stm32f2xx_it.c.obj
                0x08000870                NMI_Handler
 .text.HardFault_Handler
                0x08000872        0x2 CMakeFiles/modbusSlave.elf.dir/Core/Src/stm32f2xx_it.c.obj
                0x08000872                HardFault_Handler
 .text.MemManage_Handler
                0x08000874        0x2 CMakeFiles/modbusSlave.elf.dir/Core/Src/stm32f2xx_it.c.obj
                0x08000874                MemManage_Handler
 .text.BusFault_Handler
                0x08000876        0x2 CMakeFiles/modbusSlave.elf.dir/Core/Src/stm32f2xx_it.c.obj
                0x08000876                BusFault_Handler
 .text.UsageFault_Handler
                0x08000878        0x2 CMakeFiles/modbusSlave.elf.dir/Core/Src/stm32f2xx_it.c.obj
                0x08000878                UsageFault_Handler
 .text.SVC_Handler
                0x0800087a        0x2 CMakeFiles/modbusSlave.elf.dir/Core/Src/stm32f2xx_it.c.obj
                0x0800087a                SVC_Handler
 .text.DebugMon_Handler
                0x0800087c        0x2 CMakeFiles/modbusSlave.elf.dir/Core/Src/stm32f2xx_it.c.obj
                0x0800087c                DebugMon_Handler
 .text.PendSV_Handler
                0x0800087e        0x2 CMakeFiles/modbusSlave.elf.dir/Core/Src/stm32f2xx_it.c.obj
                0x0800087e                PendSV_Handler
 .text.SysTick_Handler
                0x08000880        0x8 CMakeFiles/modbusSlave.elf.dir/Core/Src/stm32f2xx_it.c.obj
                0x08000880                SysTick_Handler
 .text.UART4_IRQHandler
                0x08000888       0x10 CMakeFiles/modbusSlave.elf.dir/Core/Src/stm32f2xx_it.c.obj
                0x08000888                UART4_IRQHandler
 .text.SystemInit
                0x08000898        0x2 CMakeFiles/modbusSlave.elf.dir/Core/Src/system_stm32f2xx.c.obj
                0x08000898                SystemInit
 *fill*         0x0800089a        0x2 
 .text.Reset_Handler
                0x0800089c       0x50 CMakeFiles/modbusSlave.elf.dir/Core/Startup/startup_stm32f205vctx.s.obj
                0x0800089c                Reset_Handler
 .text.Default_Handler
                0x080008ec        0x2 CMakeFiles/modbusSlave.elf.dir/Core/Startup/startup_stm32f205vctx.s.obj
                0x080008ec                RTC_Alarm_IRQHandler
                0x080008ec                HASH_RNG_IRQHandler
                0x080008ec                EXTI2_IRQHandler
                0x080008ec                TIM8_CC_IRQHandler
                0x080008ec                TIM1_CC_IRQHandler
                0x080008ec                DMA2_Stream5_IRQHandler
                0x080008ec                DMA1_Stream5_IRQHandler
                0x080008ec                PVD_IRQHandler
                0x080008ec                SDIO_IRQHandler
                0x080008ec                TAMP_STAMP_IRQHandler
                0x080008ec                CAN2_RX1_IRQHandler
                0x080008ec                EXTI3_IRQHandler
                0x080008ec                TIM8_TRG_COM_TIM14_IRQHandler
                0x080008ec                TIM1_UP_TIM10_IRQHandler
                0x080008ec                TIM8_UP_TIM13_IRQHandler
                0x080008ec                I2C3_ER_IRQHandler
                0x080008ec                EXTI0_IRQHandler
                0x080008ec                I2C2_EV_IRQHandler
                0x080008ec                DMA1_Stream2_IRQHandler
                0x080008ec                CAN1_RX0_IRQHandler
                0x080008ec                OTG_HS_WKUP_IRQHandler
                0x080008ec                CAN2_SCE_IRQHandler
                0x080008ec                DMA2_Stream2_IRQHandler
                0x080008ec                SPI1_IRQHandler
                0x080008ec                TIM6_DAC_IRQHandler
                0x080008ec                TIM1_BRK_TIM9_IRQHandler
                0x080008ec                CAN2_RX0_IRQHandler
                0x080008ec                DMA2_Stream3_IRQHandler
                0x080008ec                USART6_IRQHandler
                0x080008ec                USART3_IRQHandler
                0x080008ec                CAN1_RX1_IRQHandler
                0x080008ec                UART5_IRQHandler
                0x080008ec                DMA2_Stream0_IRQHandler
                0x080008ec                TIM4_IRQHandler
                0x080008ec                I2C1_EV_IRQHandler
                0x080008ec                DMA1_Stream6_IRQHandler
                0x080008ec                DMA1_Stream1_IRQHandler
                0x080008ec                TIM3_IRQHandler
                0x080008ec                RCC_IRQHandler
                0x080008ec                TIM8_BRK_TIM12_IRQHandler
                0x080008ec                Default_Handler
                0x080008ec                EXTI15_10_IRQHandler
                0x080008ec                ADC_IRQHandler
                0x080008ec                DMA1_Stream7_IRQHandler
                0x080008ec                TIM7_IRQHandler
                0x080008ec                CAN2_TX_IRQHandler
                0x080008ec                TIM5_IRQHandler
                0x080008ec                DMA2_Stream7_IRQHandler
                0x080008ec                I2C3_EV_IRQHandler
                0x080008ec                EXTI9_5_IRQHandler
                0x080008ec                RTC_WKUP_IRQHandler
                0x080008ec                SPI2_IRQHandler
                0x080008ec                OTG_HS_EP1_IN_IRQHandler
                0x080008ec                DMA1_Stream0_IRQHandler
                0x080008ec                CAN1_TX_IRQHandler
                0x080008ec                EXTI4_IRQHandler
                0x080008ec                FSMC_IRQHandler
                0x080008ec                OTG_HS_EP1_OUT_IRQHandler
                0x080008ec                WWDG_IRQHandler
                0x080008ec                TIM2_IRQHandler
                0x080008ec                OTG_FS_WKUP_IRQHandler
                0x080008ec                TIM1_TRG_COM_TIM11_IRQHandler
                0x080008ec                OTG_HS_IRQHandler
                0x080008ec                EXTI1_IRQHandler
                0x080008ec                USART2_IRQHandler
                0x080008ec                I2C2_ER_IRQHandler
                0x080008ec                DMA2_Stream1_IRQHandler
                0x080008ec                CAN1_SCE_IRQHandler
                0x080008ec                FLASH_IRQHandler
                0x080008ec                DMA2_Stream4_IRQHandler
                0x080008ec                USART1_IRQHandler
                0x080008ec                OTG_FS_IRQHandler
                0x080008ec                SPI3_IRQHandler
                0x080008ec                DMA1_Stream4_IRQHandler
                0x080008ec                I2C1_ER_IRQHandler
                0x080008ec                DMA2_Stream6_IRQHandler
                0x080008ec                DMA1_Stream3_IRQHandler
 *fill*         0x080008ee        0x2 
 .text.HAL_InitTick
                0x080008f0       0x4c CMakeFiles/modbusSlave.elf.dir/Drivers/STM32F2xx_HAL_Driver/Src/stm32f2xx_hal.c.obj
                0x080008f0                HAL_InitTick
 .text.HAL_Init
                0x0800093c       0x34 CMakeFiles/modbusSlave.elf.dir/Drivers/STM32F2xx_HAL_Driver/Src/stm32f2xx_hal.c.obj
                0x0800093c                HAL_Init
 .text.HAL_IncTick
                0x08000970       0x18 CMakeFiles/modbusSlave.elf.dir/Drivers/STM32F2xx_HAL_Driver/Src/stm32f2xx_hal.c.obj
                0x08000970                HAL_IncTick
 .text.HAL_GetTick
                0x08000988        0xc CMakeFiles/modbusSlave.elf.dir/Drivers/STM32F2xx_HAL_Driver/Src/stm32f2xx_hal.c.obj
                0x08000988                HAL_GetTick
 .text.__NVIC_SetPriority
                0x08000994       0x28 CMakeFiles/modbusSlave.elf.dir/Drivers/STM32F2xx_HAL_Driver/Src/stm32f2xx_hal_cortex.c.obj
 .text.NVIC_EncodePriority
                0x080009bc       0x3e CMakeFiles/modbusSlave.elf.dir/Drivers/STM32F2xx_HAL_Driver/Src/stm32f2xx_hal_cortex.c.obj
 *fill*         0x080009fa        0x2 
 .text.HAL_NVIC_SetPriorityGrouping
                0x080009fc       0x24 CMakeFiles/modbusSlave.elf.dir/Drivers/STM32F2xx_HAL_Driver/Src/stm32f2xx_hal_cortex.c.obj
                0x080009fc                HAL_NVIC_SetPriorityGrouping
 .text.HAL_NVIC_SetPriority
                0x08000a20       0x20 CMakeFiles/modbusSlave.elf.dir/Drivers/STM32F2xx_HAL_Driver/Src/stm32f2xx_hal_cortex.c.obj
                0x08000a20                HAL_NVIC_SetPriority
 .text.HAL_NVIC_EnableIRQ
                0x08000a40       0x1c CMakeFiles/modbusSlave.elf.dir/Drivers/STM32F2xx_HAL_Driver/Src/stm32f2xx_hal_cortex.c.obj
                0x08000a40                HAL_NVIC_EnableIRQ
 .text.HAL_SYSTICK_Config
                0x08000a5c       0x28 CMakeFiles/modbusSlave.elf.dir/Drivers/STM32F2xx_HAL_Driver/Src/stm32f2xx_hal_cortex.c.obj
                0x08000a5c                HAL_SYSTICK_Config
 .text.HAL_DMA_Abort
                0x08000a84       0x94 CMakeFiles/modbusSlave.elf.dir/Drivers/STM32F2xx_HAL_Driver/Src/stm32f2xx_hal_dma.c.obj
                0x08000a84                HAL_DMA_Abort
 .text.HAL_DMA_Abort_IT
                0x08000b18       0x26 CMakeFiles/modbusSlave.elf.dir/Drivers/STM32F2xx_HAL_Driver/Src/stm32f2xx_hal_dma.c.obj
                0x08000b18                HAL_DMA_Abort_IT
 *fill*         0x08000b3e        0x2 
 .text.HAL_GPIO_Init
                0x08000b40      0x208 CMakeFiles/modbusSlave.elf.dir/Drivers/STM32F2xx_HAL_Driver/Src/stm32f2xx_hal_gpio.c.obj
                0x08000b40                HAL_GPIO_Init
 .text.HAL_GPIO_WritePin
                0x08000d48        0xc CMakeFiles/modbusSlave.elf.dir/Drivers/STM32F2xx_HAL_Driver/Src/stm32f2xx_hal_gpio.c.obj
                0x08000d48                HAL_GPIO_WritePin
 .text.HAL_RCC_OscConfig
                0x08000d54      0x3b8 CMakeFiles/modbusSlave.elf.dir/Drivers/STM32F2xx_HAL_Driver/Src/stm32f2xx_hal_rcc.c.obj
                0x08000d54                HAL_RCC_OscConfig
 .text.HAL_RCC_GetSysClockFreq
                0x0800110c       0xa8 CMakeFiles/modbusSlave.elf.dir/Drivers/STM32F2xx_HAL_Driver/Src/stm32f2xx_hal_rcc.c.obj
                0x0800110c                HAL_RCC_GetSysClockFreq
 .text.HAL_RCC_ClockConfig
                0x080011b4      0x16c CMakeFiles/modbusSlave.elf.dir/Drivers/STM32F2xx_HAL_Driver/Src/stm32f2xx_hal_rcc.c.obj
                0x080011b4                HAL_RCC_ClockConfig
 .text.HAL_RCC_GetHCLKFreq
                0x08001320        0xc CMakeFiles/modbusSlave.elf.dir/Drivers/STM32F2xx_HAL_Driver/Src/stm32f2xx_hal_rcc.c.obj
                0x08001320                HAL_RCC_GetHCLKFreq
 .text.HAL_RCC_GetPCLK1Freq
                0x0800132c       0x2c CMakeFiles/modbusSlave.elf.dir/Drivers/STM32F2xx_HAL_Driver/Src/stm32f2xx_hal_rcc.c.obj
                0x0800132c                HAL_RCC_GetPCLK1Freq
 .text.HAL_RCC_GetPCLK2Freq
                0x08001358       0x2c CMakeFiles/modbusSlave.elf.dir/Drivers/STM32F2xx_HAL_Driver/Src/stm32f2xx_hal_rcc.c.obj
                0x08001358                HAL_RCC_GetPCLK2Freq
 .text.UART_EndRxTransfer
                0x08001384       0x5c CMakeFiles/modbusSlave.elf.dir/Drivers/STM32F2xx_HAL_Driver/Src/stm32f2xx_hal_uart.c.obj
 .text.UART_Transmit_IT
                0x080013e0       0x60 CMakeFiles/modbusSlave.elf.dir/Drivers/STM32F2xx_HAL_Driver/Src/stm32f2xx_hal_uart.c.obj
 .text.UART_SetConfig
                0x08001440       0xe4 CMakeFiles/modbusSlave.elf.dir/Drivers/STM32F2xx_HAL_Driver/Src/stm32f2xx_hal_uart.c.obj
 .text.UART_WaitOnFlagUntilTimeout
                0x08001524       0x86 CMakeFiles/modbusSlave.elf.dir/Drivers/STM32F2xx_HAL_Driver/Src/stm32f2xx_hal_uart.c.obj
 .text.HAL_UART_Init
                0x080015aa       0x60 CMakeFiles/modbusSlave.elf.dir/Drivers/STM32F2xx_HAL_Driver/Src/stm32f2xx_hal_uart.c.obj
                0x080015aa                HAL_UART_Init
 .text.HAL_UART_Transmit
                0x0800160a       0xcc CMakeFiles/modbusSlave.elf.dir/Drivers/STM32F2xx_HAL_Driver/Src/stm32f2xx_hal_uart.c.obj
                0x0800160a                HAL_UART_Transmit
 .text.HAL_UART_Receive
                0x080016d6       0xd2 CMakeFiles/modbusSlave.elf.dir/Drivers/STM32F2xx_HAL_Driver/Src/stm32f2xx_hal_uart.c.obj
                0x080016d6                HAL_UART_Receive
 .text.HAL_UART_TxCpltCallback
                0x080017a8        0x2 CMakeFiles/modbusSlave.elf.dir/Drivers/STM32F2xx_HAL_Driver/Src/stm32f2xx_hal_uart.c.obj
                0x080017a8                HAL_UART_TxCpltCallback
 .text.UART_EndTransmit_IT
                0x080017aa       0x1a CMakeFiles/modbusSlave.elf.dir/Drivers/STM32F2xx_HAL_Driver/Src/stm32f2xx_hal_uart.c.obj
 .text.HAL_UART_ErrorCallback
                0x080017c4        0x2 CMakeFiles/modbusSlave.elf.dir/Drivers/STM32F2xx_HAL_Driver/Src/stm32f2xx_hal_uart.c.obj
                0x080017c4                HAL_UART_ErrorCallback
 .text.UART_DMAAbortOnError
                0x080017c6       0x10 CMakeFiles/modbusSlave.elf.dir/Drivers/STM32F2xx_HAL_Driver/Src/stm32f2xx_hal_uart.c.obj
 .text.HAL_UARTEx_RxEventCallback
                0x080017d6        0x2 CMakeFiles/modbusSlave.elf.dir/Drivers/STM32F2xx_HAL_Driver/Src/stm32f2xx_hal_uart.c.obj
                0x080017d6                HAL_UARTEx_RxEventCallback
 .text.UART_Receive_IT
                0x080017d8       0xe6 CMakeFiles/modbusSlave.elf.dir/Drivers/STM32F2xx_HAL_Driver/Src/stm32f2xx_hal_uart.c.obj
 *fill*         0x080018be        0x2 
 .text.HAL_UART_IRQHandler
                0x080018c0      0x284 CMakeFiles/modbusSlave.elf.dir/Drivers/STM32F2xx_HAL_Driver/Src/stm32f2xx_hal_uart.c.obj
                0x080018c0                HAL_UART_IRQHandler
 .text.UART_Start_Receive_IT
                0x08001b44       0x36 CMakeFiles/modbusSlave.elf.dir/Drivers/STM32F2xx_HAL_Driver/Src/stm32f2xx_hal_uart.c.obj
                0x08001b44                UART_Start_Receive_IT
 .text.HAL_UART_Receive_IT
                0x08001b7a       0x26 CMakeFiles/modbusSlave.elf.dir/Drivers/STM32F2xx_HAL_Driver/Src/stm32f2xx_hal_uart.c.obj
                0x08001b7a                HAL_UART_Receive_IT
 .text.memset   0x08001ba0       0x10 C:/ST/STM32CubeIDE_1.17.0/STM32CubeIDE/plugins/com.st.stm32cube.ide.mcu.externaltools.gnu-tools-for-stm32.12.3.rel1.win32_1.1.0.202410251130/tools/bin/../lib/gcc/arm-none-eabi/12.3.1/../../../../arm-none-eabi/lib/thumb/v7-m/nofp\libg.a(libc_a-memset.o)
                0x08001ba0                memset
 .text.__libc_init_array
                0x08001bb0       0x48 C:/ST/STM32CubeIDE_1.17.0/STM32CubeIDE/plugins/com.st.stm32cube.ide.mcu.externaltools.gnu-tools-for-stm32.12.3.rel1.win32_1.1.0.202410251130/tools/bin/../lib/gcc/arm-none-eabi/12.3.1/../../../../arm-none-eabi/lib/thumb/v7-m/nofp\libg.a(libc_a-init.o)
                0x08001bb0                __libc_init_array
 .text.__retarget_lock_acquire_recursive
                0x08001bf8        0x2 C:/ST/STM32CubeIDE_1.17.0/STM32CubeIDE/plugins/com.st.stm32cube.ide.mcu.externaltools.gnu-tools-for-stm32.12.3.rel1.win32_1.1.0.202410251130/tools/bin/../lib/gcc/arm-none-eabi/12.3.1/../../../../arm-none-eabi/lib/thumb/v7-m/nofp\libg.a(libc_a-lock.o)
                0x08001bf8                __retarget_lock_acquire_recursive
 .text.__retarget_lock_release_recursive
                0x08001bfa        0x2 C:/ST/STM32CubeIDE_1.17.0/STM32CubeIDE/plugins/com.st.stm32cube.ide.mcu.externaltools.gnu-tools-for-stm32.12.3.rel1.win32_1.1.0.202410251130/tools/bin/../lib/gcc/arm-none-eabi/12.3.1/../../../../arm-none-eabi/lib/thumb/v7-m/nofp\libg.a(libc_a-lock.o)
                0x08001bfa                __retarget_lock_release_recursive
 .text.startup.register_fini
                0x08001bfc       0x14 C:/ST/STM32CubeIDE_1.17.0/STM32CubeIDE/plugins/com.st.stm32cube.ide.mcu.externaltools.gnu-tools-for-stm32.12.3.rel1.win32_1.1.0.202410251130/tools/bin/../lib/gcc/arm-none-eabi/12.3.1/../../../../arm-none-eabi/lib/thumb/v7-m/nofp\libg.a(libc_a-__call_atexit.o)
 .text.atexit   0x08001c10        0xc C:/ST/STM32CubeIDE_1.17.0/STM32CubeIDE/plugins/com.st.stm32cube.ide.mcu.externaltools.gnu-tools-for-stm32.12.3.rel1.win32_1.1.0.202410251130/tools/bin/../lib/gcc/arm-none-eabi/12.3.1/../../../../arm-none-eabi/lib/thumb/v7-m/nofp\libg.a(libc_a-atexit.o)
                0x08001c10                atexit
 .text.__libc_fini_array
                0x08001c1c       0x28 C:/ST/STM32CubeIDE_1.17.0/STM32CubeIDE/plugins/com.st.stm32cube.ide.mcu.externaltools.gnu-tools-for-stm32.12.3.rel1.win32_1.1.0.202410251130/tools/bin/../lib/gcc/arm-none-eabi/12.3.1/../../../../arm-none-eabi/lib/thumb/v7-m/nofp\libg.a(libc_a-fini.o)
                0x08001c1c                __libc_fini_array
 .text.__register_exitproc
                0x08001c44       0x80 C:/ST/STM32CubeIDE_1.17.0/STM32CubeIDE/plugins/com.st.stm32cube.ide.mcu.externaltools.gnu-tools-for-stm32.12.3.rel1.win32_1.1.0.202410251130/tools/bin/../lib/gcc/arm-none-eabi/12.3.1/../../../../arm-none-eabi/lib/thumb/v7-m/nofp\libg.a(libc_a-__atexit.o)
                0x08001c44                __register_exitproc
 *(.glue_7)
 .glue_7        0x08001cc4        0x0 linker stubs
 *(.glue_7t)
 .glue_7t       0x08001cc4        0x0 linker stubs
 *(.eh_frame)
 .eh_frame      0x08001cc4        0x0 C:/ST/STM32CubeIDE_1.17.0/STM32CubeIDE/plugins/com.st.stm32cube.ide.mcu.externaltools.gnu-tools-for-stm32.12.3.rel1.win32_1.1.0.202410251130/tools/bin/../lib/gcc/arm-none-eabi/12.3.1/thumb/v7-m/nofp/crtbegin.o
 *(.init)
 .init          0x08001cc4        0x4 C:/ST/STM32CubeIDE_1.17.0/STM32CubeIDE/plugins/com.st.stm32cube.ide.mcu.externaltools.gnu-tools-for-stm32.12.3.rel1.win32_1.1.0.202410251130/tools/bin/../lib/gcc/arm-none-eabi/12.3.1/thumb/v7-m/nofp/crti.o
                0x08001cc4                _init
 .init          0x08001cc8        0x8 C:/ST/STM32CubeIDE_1.17.0/STM32CubeIDE/plugins/com.st.stm32cube.ide.mcu.externaltools.gnu-tools-for-stm32.12.3.rel1.win32_1.1.0.202410251130/tools/bin/../lib/gcc/arm-none-eabi/12.3.1/thumb/v7-m/nofp/crtn.o
 *(.fini)
 .fini          0x08001cd0        0x4 C:/ST/STM32CubeIDE_1.17.0/STM32CubeIDE/plugins/com.st.stm32cube.ide.mcu.externaltools.gnu-tools-for-stm32.12.3.rel1.win32_1.1.0.202410251130/tools/bin/../lib/gcc/arm-none-eabi/12.3.1/thumb/v7-m/nofp/crti.o
                0x08001cd0                _fini
 .fini          0x08001cd4        0x8 C:/ST/STM32CubeIDE_1.17.0/STM32CubeIDE/plugins/com.st.stm32cube.ide.mcu.externaltools.gnu-tools-for-stm32.12.3.rel1.win32_1.1.0.202410251130/tools/bin/../lib/gcc/arm-none-eabi/12.3.1/thumb/v7-m/nofp/crtn.o
                0x08001cdc                        . = ALIGN (0x4)
                0x08001cdc                        _etext = .

.vfp11_veneer   0x08001cdc        0x0
 .vfp11_veneer  0x08001cdc        0x0 linker stubs

.v4_bx          0x08001cdc        0x0
 .v4_bx         0x08001cdc        0x0 linker stubs

.iplt           0x08001cdc        0x0
 .iplt          0x08001cdc        0x0 C:/ST/STM32CubeIDE_1.17.0/STM32CubeIDE/plugins/com.st.stm32cube.ide.mcu.externaltools.gnu-tools-for-stm32.12.3.rel1.win32_1.1.0.202410251130/tools/bin/../lib/gcc/arm-none-eabi/12.3.1/thumb/v7-m/nofp/crtbegin.o

.rodata         0x08001cdc       0x18
                0x08001cdc                        . = ALIGN (0x4)
 *(.rodata)
 *(.rodata*)
 .rodata.APBPrescTable
                0x08001cdc        0x8 CMakeFiles/modbusSlave.elf.dir/Core/Src/system_stm32f2xx.c.obj
                0x08001cdc                APBPrescTable
 .rodata.AHBPrescTable
                0x08001ce4       0x10 CMakeFiles/modbusSlave.elf.dir/Core/Src/system_stm32f2xx.c.obj
                0x08001ce4                AHBPrescTable
                0x08001cf4                        . = ALIGN (0x4)

.ARM.extab      0x08001cf4        0x0
                0x08001cf4                        . = ALIGN (0x4)
 *(.ARM.extab* .gnu.linkonce.armextab.*)
                0x08001cf4                        . = ALIGN (0x4)

.ARM            0x08001cf4        0x8
                0x08001cf4                        . = ALIGN (0x4)
                0x08001cf4                        __exidx_start = .
 *(.ARM.exidx*)
 .ARM.exidx     0x08001cf4        0x8 C:/ST/STM32CubeIDE_1.17.0/STM32CubeIDE/plugins/com.st.stm32cube.ide.mcu.externaltools.gnu-tools-for-stm32.12.3.rel1.win32_1.1.0.202410251130/tools/bin/../lib/gcc/arm-none-eabi/12.3.1/thumb/v7-m/nofp\libgcc.a(_udivmoddi4.o)
                0x08001cfc                        __exidx_end = .
                0x08001cfc                        . = ALIGN (0x4)

.preinit_array  0x08001cfc        0x0
                0x08001cfc                        . = ALIGN (0x4)
                0x08001cfc                        PROVIDE (__preinit_array_start = .)
 *(.preinit_array*)
                0x08001cfc                        PROVIDE (__preinit_array_end = .)
                0x08001cfc                        . = ALIGN (0x4)

.init_array     0x08001cfc        0x8
                0x08001cfc                        . = ALIGN (0x4)
                0x08001cfc                        PROVIDE (__init_array_start = .)
 *(SORT_BY_NAME(.init_array.*))
 .init_array.00000
                0x08001cfc        0x4 C:/ST/STM32CubeIDE_1.17.0/STM32CubeIDE/plugins/com.st.stm32cube.ide.mcu.externaltools.gnu-tools-for-stm32.12.3.rel1.win32_1.1.0.202410251130/tools/bin/../lib/gcc/arm-none-eabi/12.3.1/../../../../arm-none-eabi/lib/thumb/v7-m/nofp\libg.a(libc_a-__call_atexit.o)
 *(.init_array*)
 .init_array    0x08001d00        0x4 C:/ST/STM32CubeIDE_1.17.0/STM32CubeIDE/plugins/com.st.stm32cube.ide.mcu.externaltools.gnu-tools-for-stm32.12.3.rel1.win32_1.1.0.202410251130/tools/bin/../lib/gcc/arm-none-eabi/12.3.1/thumb/v7-m/nofp/crtbegin.o
                0x08001d04                        PROVIDE (__init_array_end = .)
                0x08001d04                        . = ALIGN (0x4)

.fini_array     0x08001d04        0x4
                0x08001d04                        . = ALIGN (0x4)
                0x08001d04                        PROVIDE (__fini_array_start = .)
 *(SORT_BY_NAME(.fini_array.*))
 *(.fini_array*)
 .fini_array    0x08001d04        0x4 C:/ST/STM32CubeIDE_1.17.0/STM32CubeIDE/plugins/com.st.stm32cube.ide.mcu.externaltools.gnu-tools-for-stm32.12.3.rel1.win32_1.1.0.202410251130/tools/bin/../lib/gcc/arm-none-eabi/12.3.1/thumb/v7-m/nofp/crtbegin.o
                0x08001d08                        PROVIDE (__fini_array_end = .)
                0x08001d08                        . = ALIGN (0x4)
                0x08001d08                        _sidata = LOADADDR (.data)

.rel.dyn        0x08001d08        0x0
 .rel.iplt      0x08001d08        0x0 C:/ST/STM32CubeIDE_1.17.0/STM32CubeIDE/plugins/com.st.stm32cube.ide.mcu.externaltools.gnu-tools-for-stm32.12.3.rel1.win32_1.1.0.202410251130/tools/bin/../lib/gcc/arm-none-eabi/12.3.1/thumb/v7-m/nofp/crtbegin.o

.data           0x20000000       0x10 load address 0x08001d08
                0x20000000                        . = ALIGN (0x4)
                0x20000000                        _sdata = .
 *(.data)
 *(.data*)
 .data.SystemCoreClock
                0x20000000        0x4 CMakeFiles/modbusSlave.elf.dir/Core/Src/system_stm32f2xx.c.obj
                0x20000000                SystemCoreClock
 .data.uwTickFreq
                0x20000004        0x1 CMakeFiles/modbusSlave.elf.dir/Drivers/STM32F2xx_HAL_Driver/Src/stm32f2xx_hal.c.obj
                0x20000004                uwTickFreq
 *fill*         0x20000005        0x3 
 .data.uwTickPrio
                0x20000008        0x4 CMakeFiles/modbusSlave.elf.dir/Drivers/STM32F2xx_HAL_Driver/Src/stm32f2xx_hal.c.obj
                0x20000008                uwTickPrio
 .data.__atexit_recursive_mutex
                0x2000000c        0x4 C:/ST/STM32CubeIDE_1.17.0/STM32CubeIDE/plugins/com.st.stm32cube.ide.mcu.externaltools.gnu-tools-for-stm32.12.3.rel1.win32_1.1.0.202410251130/tools/bin/../lib/gcc/arm-none-eabi/12.3.1/../../../../arm-none-eabi/lib/thumb/v7-m/nofp\libg.a(libc_a-__call_atexit.o)
                0x2000000c                __atexit_recursive_mutex
 *(.RamFunc)
 *(.RamFunc*)
                0x20000010                        . = ALIGN (0x4)
                0x20000010                        _edata = .

.igot.plt       0x20000010        0x0 load address 0x08001d18
 .igot.plt      0x20000010        0x0 C:/ST/STM32CubeIDE_1.17.0/STM32CubeIDE/plugins/com.st.stm32cube.ide.mcu.externaltools.gnu-tools-for-stm32.12.3.rel1.win32_1.1.0.202410251130/tools/bin/../lib/gcc/arm-none-eabi/12.3.1/thumb/v7-m/nofp/crtbegin.o
                0x20000010                        . = ALIGN (0x4)

.bss            0x20000010      0x604 load address 0x08001d18
                0x20000010                        _sbss = .
                0x20000010                        __bss_start__ = _sbss
 *(.bss)
 .bss           0x20000010       0x1c C:/ST/STM32CubeIDE_1.17.0/STM32CubeIDE/plugins/com.st.stm32cube.ide.mcu.externaltools.gnu-tools-for-stm32.12.3.rel1.win32_1.1.0.202410251130/tools/bin/../lib/gcc/arm-none-eabi/12.3.1/thumb/v7-m/nofp/crtbegin.o
 *(.bss*)
 .bss.Header    0x2000002c        0x1 CMakeFiles/modbusSlave.elf.dir/Core/Src/main.c.obj
                0x2000002c                Header
 *fill*         0x2000002d        0x3 
 .bss.Rx_buffer
                0x20000030       0xff CMakeFiles/modbusSlave.elf.dir/Core/Src/main.c.obj
                0x20000030                Rx_buffer
 *fill*         0x2000012f        0x1 
 .bss.Tx_buffer
                0x20000130       0xff CMakeFiles/modbusSlave.elf.dir/Core/Src/main.c.obj
                0x20000130                Tx_buffer
 *fill*         0x2000022f        0x1 
 .bss.slaveRegister
                0x20000230      0x1fe CMakeFiles/modbusSlave.elf.dir/Core/Src/main.c.obj
                0x20000230                slaveRegister
 *fill*         0x2000042e        0x2 
 .bss.huart4    0x20000430       0x48 CMakeFiles/modbusSlave.elf.dir/Core/Src/main.c.obj
                0x20000430                huart4
 .bss.uwTick    0x20000478        0x4 CMakeFiles/modbusSlave.elf.dir/Drivers/STM32F2xx_HAL_Driver/Src/stm32f2xx_hal.c.obj
                0x20000478                uwTick
 .bss.__lock___atexit_recursive_mutex
                0x2000047c        0x1 C:/ST/STM32CubeIDE_1.17.0/STM32CubeIDE/plugins/com.st.stm32cube.ide.mcu.externaltools.gnu-tools-for-stm32.12.3.rel1.win32_1.1.0.202410251130/tools/bin/../lib/gcc/arm-none-eabi/12.3.1/../../../../arm-none-eabi/lib/thumb/v7-m/nofp\libg.a(libc_a-lock.o)
                0x2000047c                __lock___atexit_recursive_mutex
 *fill*         0x2000047d        0x3 
 .bss.__atexit  0x20000480        0x4 C:/ST/STM32CubeIDE_1.17.0/STM32CubeIDE/plugins/com.st.stm32cube.ide.mcu.externaltools.gnu-tools-for-stm32.12.3.rel1.win32_1.1.0.202410251130/tools/bin/../lib/gcc/arm-none-eabi/12.3.1/../../../../arm-none-eabi/lib/thumb/v7-m/nofp\libg.a(libc_a-__call_atexit.o)
                0x20000480                __atexit
 .bss.__atexit0
                0x20000484      0x190 C:/ST/STM32CubeIDE_1.17.0/STM32CubeIDE/plugins/com.st.stm32cube.ide.mcu.externaltools.gnu-tools-for-stm32.12.3.rel1.win32_1.1.0.202410251130/tools/bin/../lib/gcc/arm-none-eabi/12.3.1/../../../../arm-none-eabi/lib/thumb/v7-m/nofp\libg.a(libc_a-__atexit.o)
                0x20000484                __atexit0
 *(COMMON)
                0x20000614                        . = ALIGN (0x4)
                0x20000614                        _ebss = .
                0x20000614                        __bss_end__ = _ebss

._user_heap_stack
                0x20000614      0x604 load address 0x08001d18
                0x20000618                        . = ALIGN (0x8)
 *fill*         0x20000614        0x4 
                [!provide]                        PROVIDE (end = .)
                0x20000618                        PROVIDE (_end = .)
                0x20000818                        . = (. + _Min_Heap_Size)
 *fill*         0x20000618      0x200 
                0x20000c18                        . = (. + _Min_Stack_Size)
 *fill*         0x20000818      0x400 
                0x20000c18                        . = ALIGN (0x8)

/DISCARD/
 libc.a(*)
 libm.a(*)
 libgcc.a(*)

.ARM.attributes
                0x00000000       0x29
 *(.ARM.attributes)
 .ARM.attributes
                0x00000000       0x1d C:/ST/STM32CubeIDE_1.17.0/STM32CubeIDE/plugins/com.st.stm32cube.ide.mcu.externaltools.gnu-tools-for-stm32.12.3.rel1.win32_1.1.0.202410251130/tools/bin/../lib/gcc/arm-none-eabi/12.3.1/thumb/v7-m/nofp/crti.o
 .ARM.attributes
                0x0000001d       0x2d C:/ST/STM32CubeIDE_1.17.0/STM32CubeIDE/plugins/com.st.stm32cube.ide.mcu.externaltools.gnu-tools-for-stm32.12.3.rel1.win32_1.1.0.202410251130/tools/bin/../lib/gcc/arm-none-eabi/12.3.1/thumb/v7-m/nofp/crtbegin.o
 .ARM.attributes
                0x0000004a       0x2d CMakeFiles/modbusSlave.elf.dir/Core/Src/main.c.obj
 .ARM.attributes
                0x00000077       0x2d CMakeFiles/modbusSlave.elf.dir/Core/Src/stm32f2xx_hal_msp.c.obj
 .ARM.attributes
                0x000000a4       0x2d CMakeFiles/modbusSlave.elf.dir/Core/Src/stm32f2xx_it.c.obj
 .ARM.attributes
                0x000000d1       0x2d CMakeFiles/modbusSlave.elf.dir/Core/Src/system_stm32f2xx.c.obj
 .ARM.attributes
                0x000000fe       0x21 CMakeFiles/modbusSlave.elf.dir/Core/Startup/startup_stm32f205vctx.s.obj
 .ARM.attributes
                0x0000011f       0x2d CMakeFiles/modbusSlave.elf.dir/Drivers/STM32F2xx_HAL_Driver/Src/stm32f2xx_hal.c.obj
 .ARM.attributes
                0x0000014c       0x2d CMakeFiles/modbusSlave.elf.dir/Drivers/STM32F2xx_HAL_Driver/Src/stm32f2xx_hal_cortex.c.obj
 .ARM.attributes
                0x00000179       0x2d CMakeFiles/modbusSlave.elf.dir/Drivers/STM32F2xx_HAL_Driver/Src/stm32f2xx_hal_dma.c.obj
 .ARM.attributes
                0x000001a6       0x2d CMakeFiles/modbusSlave.elf.dir/Drivers/STM32F2xx_HAL_Driver/Src/stm32f2xx_hal_gpio.c.obj
 .ARM.attributes
                0x000001d3       0x2d CMakeFiles/modbusSlave.elf.dir/Drivers/STM32F2xx_HAL_Driver/Src/stm32f2xx_hal_rcc.c.obj
 .ARM.attributes
                0x00000200       0x2d CMakeFiles/modbusSlave.elf.dir/Drivers/STM32F2xx_HAL_Driver/Src/stm32f2xx_hal_uart.c.obj
 .ARM.attributes
                0x0000022d       0x1d C:/ST/STM32CubeIDE_1.17.0/STM32CubeIDE/plugins/com.st.stm32cube.ide.mcu.externaltools.gnu-tools-for-stm32.12.3.rel1.win32_1.1.0.202410251130/tools/bin/../lib/gcc/arm-none-eabi/12.3.1/thumb/v7-m/nofp\libgcc.a(_aeabi_uldivmod.o)
 .ARM.attributes
                0x0000024a       0x2d C:/ST/STM32CubeIDE_1.17.0/STM32CubeIDE/plugins/com.st.stm32cube.ide.mcu.externaltools.gnu-tools-for-stm32.12.3.rel1.win32_1.1.0.202410251130/tools/bin/../lib/gcc/arm-none-eabi/12.3.1/thumb/v7-m/nofp\libgcc.a(_udivmoddi4.o)
 .ARM.attributes
                0x00000277       0x1d C:/ST/STM32CubeIDE_1.17.0/STM32CubeIDE/plugins/com.st.stm32cube.ide.mcu.externaltools.gnu-tools-for-stm32.12.3.rel1.win32_1.1.0.202410251130/tools/bin/../lib/gcc/arm-none-eabi/12.3.1/thumb/v7-m/nofp\libgcc.a(_dvmd_tls.o)
 .ARM.attributes
                0x00000294       0x2d C:/ST/STM32CubeIDE_1.17.0/STM32CubeIDE/plugins/com.st.stm32cube.ide.mcu.externaltools.gnu-tools-for-stm32.12.3.rel1.win32_1.1.0.202410251130/tools/bin/../lib/gcc/arm-none-eabi/12.3.1/../../../../arm-none-eabi/lib/thumb/v7-m/nofp\libg.a(libc_a-memset.o)
 .ARM.attributes
                0x000002c1       0x2d C:/ST/STM32CubeIDE_1.17.0/STM32CubeIDE/plugins/com.st.stm32cube.ide.mcu.externaltools.gnu-tools-for-stm32.12.3.rel1.win32_1.1.0.202410251130/tools/bin/../lib/gcc/arm-none-eabi/12.3.1/../../../../arm-none-eabi/lib/thumb/v7-m/nofp\libg.a(libc_a-init.o)
 .ARM.attributes
                0x000002ee       0x2d C:/ST/STM32CubeIDE_1.17.0/STM32CubeIDE/plugins/com.st.stm32cube.ide.mcu.externaltools.gnu-tools-for-stm32.12.3.rel1.win32_1.1.0.202410251130/tools/bin/../lib/gcc/arm-none-eabi/12.3.1/../../../../arm-none-eabi/lib/thumb/v7-m/nofp\libg.a(libc_a-lock.o)
 .ARM.attributes
                0x0000031b       0x2d C:/ST/STM32CubeIDE_1.17.0/STM32CubeIDE/plugins/com.st.stm32cube.ide.mcu.externaltools.gnu-tools-for-stm32.12.3.rel1.win32_1.1.0.202410251130/tools/bin/../lib/gcc/arm-none-eabi/12.3.1/../../../../arm-none-eabi/lib/thumb/v7-m/nofp\libg.a(libc_a-__call_atexit.o)
 .ARM.attributes
                0x00000348       0x2d C:/ST/STM32CubeIDE_1.17.0/STM32CubeIDE/plugins/com.st.stm32cube.ide.mcu.externaltools.gnu-tools-for-stm32.12.3.rel1.win32_1.1.0.202410251130/tools/bin/../lib/gcc/arm-none-eabi/12.3.1/../../../../arm-none-eabi/lib/thumb/v7-m/nofp\libg.a(libc_a-atexit.o)
 .ARM.attributes
                0x00000375       0x2d C:/ST/STM32CubeIDE_1.17.0/STM32CubeIDE/plugins/com.st.stm32cube.ide.mcu.externaltools.gnu-tools-for-stm32.12.3.rel1.win32_1.1.0.202410251130/tools/bin/../lib/gcc/arm-none-eabi/12.3.1/../../../../arm-none-eabi/lib/thumb/v7-m/nofp\libg.a(libc_a-fini.o)
 .ARM.attributes
                0x000003a2       0x2d C:/ST/STM32CubeIDE_1.17.0/STM32CubeIDE/plugins/com.st.stm32cube.ide.mcu.externaltools.gnu-tools-for-stm32.12.3.rel1.win32_1.1.0.202410251130/tools/bin/../lib/gcc/arm-none-eabi/12.3.1/../../../../arm-none-eabi/lib/thumb/v7-m/nofp\libg.a(libc_a-__atexit.o)
 .ARM.attributes
                0x000003cf       0x1d C:/ST/STM32CubeIDE_1.17.0/STM32CubeIDE/plugins/com.st.stm32cube.ide.mcu.externaltools.gnu-tools-for-stm32.12.3.rel1.win32_1.1.0.202410251130/tools/bin/../lib/gcc/arm-none-eabi/12.3.1/thumb/v7-m/nofp/crtn.o
OUTPUT(modbusSlave.elf elf32-littlearm)
LOAD linker stubs
LOAD C:/ST/STM32CubeIDE_1.17.0/STM32CubeIDE/plugins/com.st.stm32cube.ide.mcu.externaltools.gnu-tools-for-stm32.12.3.rel1.win32_1.1.0.202410251130/tools/bin/../lib/gcc/arm-none-eabi/12.3.1/../../../../arm-none-eabi/lib/thumb/v7-m/nofp\libc.a
LOAD C:/ST/STM32CubeIDE_1.17.0/STM32CubeIDE/plugins/com.st.stm32cube.ide.mcu.externaltools.gnu-tools-for-stm32.12.3.rel1.win32_1.1.0.202410251130/tools/bin/../lib/gcc/arm-none-eabi/12.3.1/../../../../arm-none-eabi/lib/thumb/v7-m/nofp\libm.a
LOAD C:/ST/STM32CubeIDE_1.17.0/STM32CubeIDE/plugins/com.st.stm32cube.ide.mcu.externaltools.gnu-tools-for-stm32.12.3.rel1.win32_1.1.0.202410251130/tools/bin/../lib/gcc/arm-none-eabi/12.3.1/thumb/v7-m/nofp\libgcc.a

.debug_info     0x00000000     0xaa6a
 .debug_info    0x00000000     0x1172 CMakeFiles/modbusSlave.elf.dir/Core/Src/main.c.obj
 .debug_info    0x00001172      0xbc9 CMakeFiles/modbusSlave.elf.dir/Core/Src/stm32f2xx_hal_msp.c.obj
 .debug_info    0x00001d3b      0x651 CMakeFiles/modbusSlave.elf.dir/Core/Src/stm32f2xx_it.c.obj
 .debug_info    0x0000238c      0x334 CMakeFiles/modbusSlave.elf.dir/Core/Src/system_stm32f2xx.c.obj
 .debug_info    0x000026c0       0x30 CMakeFiles/modbusSlave.elf.dir/Core/Startup/startup_stm32f205vctx.s.obj
 .debug_info    0x000026f0      0xa71 CMakeFiles/modbusSlave.elf.dir/Drivers/STM32F2xx_HAL_Driver/Src/stm32f2xx_hal.c.obj
 .debug_info    0x00003161      0xf9e CMakeFiles/modbusSlave.elf.dir/Drivers/STM32F2xx_HAL_Driver/Src/stm32f2xx_hal_cortex.c.obj
 .debug_info    0x000040ff      0xad9 CMakeFiles/modbusSlave.elf.dir/Drivers/STM32F2xx_HAL_Driver/Src/stm32f2xx_hal_dma.c.obj
 .debug_info    0x00004bd8      0x6c6 CMakeFiles/modbusSlave.elf.dir/Drivers/STM32F2xx_HAL_Driver/Src/stm32f2xx_hal_gpio.c.obj
 .debug_info    0x0000529e      0xcee CMakeFiles/modbusSlave.elf.dir/Drivers/STM32F2xx_HAL_Driver/Src/stm32f2xx_hal_rcc.c.obj
 .debug_info    0x00005f8c     0x3f9e CMakeFiles/modbusSlave.elf.dir/Drivers/STM32F2xx_HAL_Driver/Src/stm32f2xx_hal_uart.c.obj
 .debug_info    0x00009f2a       0xe0 C:/ST/STM32CubeIDE_1.17.0/STM32CubeIDE/plugins/com.st.stm32cube.ide.mcu.externaltools.gnu-tools-for-stm32.12.3.rel1.win32_1.1.0.202410251130/tools/bin/../lib/gcc/arm-none-eabi/12.3.1/../../../../arm-none-eabi/lib/thumb/v7-m/nofp\libg.a(libc_a-memset.o)
 .debug_info    0x0000a00a      0x10b C:/ST/STM32CubeIDE_1.17.0/STM32CubeIDE/plugins/com.st.stm32cube.ide.mcu.externaltools.gnu-tools-for-stm32.12.3.rel1.win32_1.1.0.202410251130/tools/bin/../lib/gcc/arm-none-eabi/12.3.1/../../../../arm-none-eabi/lib/thumb/v7-m/nofp\libg.a(libc_a-init.o)
 .debug_info    0x0000a115      0x20a C:/ST/STM32CubeIDE_1.17.0/STM32CubeIDE/plugins/com.st.stm32cube.ide.mcu.externaltools.gnu-tools-for-stm32.12.3.rel1.win32_1.1.0.202410251130/tools/bin/../lib/gcc/arm-none-eabi/12.3.1/../../../../arm-none-eabi/lib/thumb/v7-m/nofp\libg.a(libc_a-lock.o)
 .debug_info    0x0000a31f      0x2dd C:/ST/STM32CubeIDE_1.17.0/STM32CubeIDE/plugins/com.st.stm32cube.ide.mcu.externaltools.gnu-tools-for-stm32.12.3.rel1.win32_1.1.0.202410251130/tools/bin/../lib/gcc/arm-none-eabi/12.3.1/../../../../arm-none-eabi/lib/thumb/v7-m/nofp\libg.a(libc_a-__call_atexit.o)
 .debug_info    0x0000a5fc      0x118 C:/ST/STM32CubeIDE_1.17.0/STM32CubeIDE/plugins/com.st.stm32cube.ide.mcu.externaltools.gnu-tools-for-stm32.12.3.rel1.win32_1.1.0.202410251130/tools/bin/../lib/gcc/arm-none-eabi/12.3.1/../../../../arm-none-eabi/lib/thumb/v7-m/nofp\libg.a(libc_a-atexit.o)
 .debug_info    0x0000a714       0xf7 C:/ST/STM32CubeIDE_1.17.0/STM32CubeIDE/plugins/com.st.stm32cube.ide.mcu.externaltools.gnu-tools-for-stm32.12.3.rel1.win32_1.1.0.202410251130/tools/bin/../lib/gcc/arm-none-eabi/12.3.1/../../../../arm-none-eabi/lib/thumb/v7-m/nofp\libg.a(libc_a-fini.o)
 .debug_info    0x0000a80b      0x25f C:/ST/STM32CubeIDE_1.17.0/STM32CubeIDE/plugins/com.st.stm32cube.ide.mcu.externaltools.gnu-tools-for-stm32.12.3.rel1.win32_1.1.0.202410251130/tools/bin/../lib/gcc/arm-none-eabi/12.3.1/../../../../arm-none-eabi/lib/thumb/v7-m/nofp\libg.a(libc_a-__atexit.o)

.debug_abbrev   0x00000000     0x2080
 .debug_abbrev  0x00000000      0x324 CMakeFiles/modbusSlave.elf.dir/Core/Src/main.c.obj
 .debug_abbrev  0x00000324      0x1ea CMakeFiles/modbusSlave.elf.dir/Core/Src/stm32f2xx_hal_msp.c.obj
 .debug_abbrev  0x0000050e      0x17e CMakeFiles/modbusSlave.elf.dir/Core/Src/stm32f2xx_it.c.obj
 .debug_abbrev  0x0000068c      0x120 CMakeFiles/modbusSlave.elf.dir/Core/Src/system_stm32f2xx.c.obj
 .debug_abbrev  0x000007ac       0x24 CMakeFiles/modbusSlave.elf.dir/Core/Startup/startup_stm32f205vctx.s.obj
 .debug_abbrev  0x000007d0      0x286 CMakeFiles/modbusSlave.elf.dir/Drivers/STM32F2xx_HAL_Driver/Src/stm32f2xx_hal.c.obj
 .debug_abbrev  0x00000a56      0x390 CMakeFiles/modbusSlave.elf.dir/Drivers/STM32F2xx_HAL_Driver/Src/stm32f2xx_hal_cortex.c.obj
 .debug_abbrev  0x00000de6      0x2c0 CMakeFiles/modbusSlave.elf.dir/Drivers/STM32F2xx_HAL_Driver/Src/stm32f2xx_hal_dma.c.obj
 .debug_abbrev  0x000010a6      0x1f9 CMakeFiles/modbusSlave.elf.dir/Drivers/STM32F2xx_HAL_Driver/Src/stm32f2xx_hal_gpio.c.obj
 .debug_abbrev  0x0000129f      0x311 CMakeFiles/modbusSlave.elf.dir/Drivers/STM32F2xx_HAL_Driver/Src/stm32f2xx_hal_rcc.c.obj
 .debug_abbrev  0x000015b0      0x332 CMakeFiles/modbusSlave.elf.dir/Drivers/STM32F2xx_HAL_Driver/Src/stm32f2xx_hal_uart.c.obj
 .debug_abbrev  0x000018e2       0x9e C:/ST/STM32CubeIDE_1.17.0/STM32CubeIDE/plugins/com.st.stm32cube.ide.mcu.externaltools.gnu-tools-for-stm32.12.3.rel1.win32_1.1.0.202410251130/tools/bin/../lib/gcc/arm-none-eabi/12.3.1/../../../../arm-none-eabi/lib/thumb/v7-m/nofp\libg.a(libc_a-memset.o)
 .debug_abbrev  0x00001980       0xc9 C:/ST/STM32CubeIDE_1.17.0/STM32CubeIDE/plugins/com.st.stm32cube.ide.mcu.externaltools.gnu-tools-for-stm32.12.3.rel1.win32_1.1.0.202410251130/tools/bin/../lib/gcc/arm-none-eabi/12.3.1/../../../../arm-none-eabi/lib/thumb/v7-m/nofp\libg.a(libc_a-init.o)
 .debug_abbrev  0x00001a49      0x115 C:/ST/STM32CubeIDE_1.17.0/STM32CubeIDE/plugins/com.st.stm32cube.ide.mcu.externaltools.gnu-tools-for-stm32.12.3.rel1.win32_1.1.0.202410251130/tools/bin/../lib/gcc/arm-none-eabi/12.3.1/../../../../arm-none-eabi/lib/thumb/v7-m/nofp\libg.a(libc_a-lock.o)
 .debug_abbrev  0x00001b5e      0x20c C:/ST/STM32CubeIDE_1.17.0/STM32CubeIDE/plugins/com.st.stm32cube.ide.mcu.externaltools.gnu-tools-for-stm32.12.3.rel1.win32_1.1.0.202410251130/tools/bin/../lib/gcc/arm-none-eabi/12.3.1/../../../../arm-none-eabi/lib/thumb/v7-m/nofp\libg.a(libc_a-__call_atexit.o)
 .debug_abbrev  0x00001d6a       0xc1 C:/ST/STM32CubeIDE_1.17.0/STM32CubeIDE/plugins/com.st.stm32cube.ide.mcu.externaltools.gnu-tools-for-stm32.12.3.rel1.win32_1.1.0.202410251130/tools/bin/../lib/gcc/arm-none-eabi/12.3.1/../../../../arm-none-eabi/lib/thumb/v7-m/nofp\libg.a(libc_a-atexit.o)
 .debug_abbrev  0x00001e2b       0xcc C:/ST/STM32CubeIDE_1.17.0/STM32CubeIDE/plugins/com.st.stm32cube.ide.mcu.externaltools.gnu-tools-for-stm32.12.3.rel1.win32_1.1.0.202410251130/tools/bin/../lib/gcc/arm-none-eabi/12.3.1/../../../../arm-none-eabi/lib/thumb/v7-m/nofp\libg.a(libc_a-fini.o)
 .debug_abbrev  0x00001ef7      0x189 C:/ST/STM32CubeIDE_1.17.0/STM32CubeIDE/plugins/com.st.stm32cube.ide.mcu.externaltools.gnu-tools-for-stm32.12.3.rel1.win32_1.1.0.202410251130/tools/bin/../lib/gcc/arm-none-eabi/12.3.1/../../../../arm-none-eabi/lib/thumb/v7-m/nofp\libg.a(libc_a-__atexit.o)

.debug_loclists
                0x00000000     0x4343
 .debug_loclists
                0x00000000      0x1e5 CMakeFiles/modbusSlave.elf.dir/Core/Src/main.c.obj
 .debug_loclists
                0x000001e5       0x5d CMakeFiles/modbusSlave.elf.dir/Core/Src/stm32f2xx_hal_msp.c.obj
 .debug_loclists
                0x00000242       0xdb CMakeFiles/modbusSlave.elf.dir/Core/Src/system_stm32f2xx.c.obj
 .debug_loclists
                0x0000031d       0xf7 CMakeFiles/modbusSlave.elf.dir/Drivers/STM32F2xx_HAL_Driver/Src/stm32f2xx_hal.c.obj
 .debug_loclists
                0x00000414      0x439 CMakeFiles/modbusSlave.elf.dir/Drivers/STM32F2xx_HAL_Driver/Src/stm32f2xx_hal_cortex.c.obj
 .debug_loclists
                0x0000084d      0x763 CMakeFiles/modbusSlave.elf.dir/Drivers/STM32F2xx_HAL_Driver/Src/stm32f2xx_hal_dma.c.obj
 .debug_loclists
                0x00000fb0      0x270 CMakeFiles/modbusSlave.elf.dir/Drivers/STM32F2xx_HAL_Driver/Src/stm32f2xx_hal_gpio.c.obj
 .debug_loclists
                0x00001220      0x4d9 CMakeFiles/modbusSlave.elf.dir/Drivers/STM32F2xx_HAL_Driver/Src/stm32f2xx_hal_rcc.c.obj
 .debug_loclists
                0x000016f9     0x29f1 CMakeFiles/modbusSlave.elf.dir/Drivers/STM32F2xx_HAL_Driver/Src/stm32f2xx_hal_uart.c.obj
 .debug_loclists
                0x000040ea       0x3b C:/ST/STM32CubeIDE_1.17.0/STM32CubeIDE/plugins/com.st.stm32cube.ide.mcu.externaltools.gnu-tools-for-stm32.12.3.rel1.win32_1.1.0.202410251130/tools/bin/../lib/gcc/arm-none-eabi/12.3.1/../../../../arm-none-eabi/lib/thumb/v7-m/nofp\libg.a(libc_a-memset.o)
 .debug_loclists
                0x00004125       0x34 C:/ST/STM32CubeIDE_1.17.0/STM32CubeIDE/plugins/com.st.stm32cube.ide.mcu.externaltools.gnu-tools-for-stm32.12.3.rel1.win32_1.1.0.202410251130/tools/bin/../lib/gcc/arm-none-eabi/12.3.1/../../../../arm-none-eabi/lib/thumb/v7-m/nofp\libg.a(libc_a-init.o)
 .debug_loclists
                0x00004159       0x23 C:/ST/STM32CubeIDE_1.17.0/STM32CubeIDE/plugins/com.st.stm32cube.ide.mcu.externaltools.gnu-tools-for-stm32.12.3.rel1.win32_1.1.0.202410251130/tools/bin/../lib/gcc/arm-none-eabi/12.3.1/../../../../arm-none-eabi/lib/thumb/v7-m/nofp\libg.a(libc_a-lock.o)
 .debug_loclists
                0x0000417c       0xd4 C:/ST/STM32CubeIDE_1.17.0/STM32CubeIDE/plugins/com.st.stm32cube.ide.mcu.externaltools.gnu-tools-for-stm32.12.3.rel1.win32_1.1.0.202410251130/tools/bin/../lib/gcc/arm-none-eabi/12.3.1/../../../../arm-none-eabi/lib/thumb/v7-m/nofp\libg.a(libc_a-__call_atexit.o)
 .debug_loclists
                0x00004250       0x2a C:/ST/STM32CubeIDE_1.17.0/STM32CubeIDE/plugins/com.st.stm32cube.ide.mcu.externaltools.gnu-tools-for-stm32.12.3.rel1.win32_1.1.0.202410251130/tools/bin/../lib/gcc/arm-none-eabi/12.3.1/../../../../arm-none-eabi/lib/thumb/v7-m/nofp\libg.a(libc_a-atexit.o)
 .debug_loclists
                0x0000427a       0x3b C:/ST/STM32CubeIDE_1.17.0/STM32CubeIDE/plugins/com.st.stm32cube.ide.mcu.externaltools.gnu-tools-for-stm32.12.3.rel1.win32_1.1.0.202410251130/tools/bin/../lib/gcc/arm-none-eabi/12.3.1/../../../../arm-none-eabi/lib/thumb/v7-m/nofp\libg.a(libc_a-fini.o)
 .debug_loclists
                0x000042b5       0x8e C:/ST/STM32CubeIDE_1.17.0/STM32CubeIDE/plugins/com.st.stm32cube.ide.mcu.externaltools.gnu-tools-for-stm32.12.3.rel1.win32_1.1.0.202410251130/tools/bin/../lib/gcc/arm-none-eabi/12.3.1/../../../../arm-none-eabi/lib/thumb/v7-m/nofp\libg.a(libc_a-__atexit.o)

.debug_aranges  0x00000000      0x7c8
 .debug_aranges
                0x00000000       0x60 CMakeFiles/modbusSlave.elf.dir/Core/Src/main.c.obj
 .debug_aranges
                0x00000060       0x30 CMakeFiles/modbusSlave.elf.dir/Core/Src/stm32f2xx_hal_msp.c.obj
 .debug_aranges
                0x00000090       0x68 CMakeFiles/modbusSlave.elf.dir/Core/Src/stm32f2xx_it.c.obj
 .debug_aranges
                0x000000f8       0x28 CMakeFiles/modbusSlave.elf.dir/Core/Src/system_stm32f2xx.c.obj
 .debug_aranges
                0x00000120       0x28 CMakeFiles/modbusSlave.elf.dir/Core/Startup/startup_stm32f205vctx.s.obj
 .debug_aranges
                0x00000148       0xf0 CMakeFiles/modbusSlave.elf.dir/Drivers/STM32F2xx_HAL_Driver/Src/stm32f2xx_hal.c.obj
 .debug_aranges
                0x00000238       0xe8 CMakeFiles/modbusSlave.elf.dir/Drivers/STM32F2xx_HAL_Driver/Src/stm32f2xx_hal_cortex.c.obj
 .debug_aranges
                0x00000320       0x90 CMakeFiles/modbusSlave.elf.dir/Drivers/STM32F2xx_HAL_Driver/Src/stm32f2xx_hal_dma.c.obj
 .debug_aranges
                0x000003b0       0x58 CMakeFiles/modbusSlave.elf.dir/Drivers/STM32F2xx_HAL_Driver/Src/stm32f2xx_hal_gpio.c.obj
 .debug_aranges
                0x00000408       0x88 CMakeFiles/modbusSlave.elf.dir/Drivers/STM32F2xx_HAL_Driver/Src/stm32f2xx_hal_rcc.c.obj
 .debug_aranges
                0x00000490      0x208 CMakeFiles/modbusSlave.elf.dir/Drivers/STM32F2xx_HAL_Driver/Src/stm32f2xx_hal_uart.c.obj
 .debug_aranges
                0x00000698       0x20 C:/ST/STM32CubeIDE_1.17.0/STM32CubeIDE/plugins/com.st.stm32cube.ide.mcu.externaltools.gnu-tools-for-stm32.12.3.rel1.win32_1.1.0.202410251130/tools/bin/../lib/gcc/arm-none-eabi/12.3.1/../../../../arm-none-eabi/lib/thumb/v7-m/nofp\libg.a(libc_a-memset.o)
 .debug_aranges
                0x000006b8       0x20 C:/ST/STM32CubeIDE_1.17.0/STM32CubeIDE/plugins/com.st.stm32cube.ide.mcu.externaltools.gnu-tools-for-stm32.12.3.rel1.win32_1.1.0.202410251130/tools/bin/../lib/gcc/arm-none-eabi/12.3.1/../../../../arm-none-eabi/lib/thumb/v7-m/nofp\libg.a(libc_a-init.o)
 .debug_aranges
                0x000006d8       0x68 C:/ST/STM32CubeIDE_1.17.0/STM32CubeIDE/plugins/com.st.stm32cube.ide.mcu.externaltools.gnu-tools-for-stm32.12.3.rel1.win32_1.1.0.202410251130/tools/bin/../lib/gcc/arm-none-eabi/12.3.1/../../../../arm-none-eabi/lib/thumb/v7-m/nofp\libg.a(libc_a-lock.o)
 .debug_aranges
                0x00000740       0x28 C:/ST/STM32CubeIDE_1.17.0/STM32CubeIDE/plugins/com.st.stm32cube.ide.mcu.externaltools.gnu-tools-for-stm32.12.3.rel1.win32_1.1.0.202410251130/tools/bin/../lib/gcc/arm-none-eabi/12.3.1/../../../../arm-none-eabi/lib/thumb/v7-m/nofp\libg.a(libc_a-__call_atexit.o)
 .debug_aranges
                0x00000768       0x20 C:/ST/STM32CubeIDE_1.17.0/STM32CubeIDE/plugins/com.st.stm32cube.ide.mcu.externaltools.gnu-tools-for-stm32.12.3.rel1.win32_1.1.0.202410251130/tools/bin/../lib/gcc/arm-none-eabi/12.3.1/../../../../arm-none-eabi/lib/thumb/v7-m/nofp\libg.a(libc_a-atexit.o)
 .debug_aranges
                0x00000788       0x20 C:/ST/STM32CubeIDE_1.17.0/STM32CubeIDE/plugins/com.st.stm32cube.ide.mcu.externaltools.gnu-tools-for-stm32.12.3.rel1.win32_1.1.0.202410251130/tools/bin/../lib/gcc/arm-none-eabi/12.3.1/../../../../arm-none-eabi/lib/thumb/v7-m/nofp\libg.a(libc_a-fini.o)
 .debug_aranges
                0x000007a8       0x20 C:/ST/STM32CubeIDE_1.17.0/STM32CubeIDE/plugins/com.st.stm32cube.ide.mcu.externaltools.gnu-tools-for-stm32.12.3.rel1.win32_1.1.0.202410251130/tools/bin/../lib/gcc/arm-none-eabi/12.3.1/../../../../arm-none-eabi/lib/thumb/v7-m/nofp\libg.a(libc_a-__atexit.o)

.debug_rnglists
                0x00000000      0x60b
 .debug_rnglists
                0x00000000       0x76 CMakeFiles/modbusSlave.elf.dir/Core/Src/main.c.obj
 .debug_rnglists
                0x00000076       0x20 CMakeFiles/modbusSlave.elf.dir/Core/Src/stm32f2xx_hal_msp.c.obj
 .debug_rnglists
                0x00000096       0x49 CMakeFiles/modbusSlave.elf.dir/Core/Src/stm32f2xx_it.c.obj
 .debug_rnglists
                0x000000df       0x1a CMakeFiles/modbusSlave.elf.dir/Core/Src/system_stm32f2xx.c.obj
 .debug_rnglists
                0x000000f9       0x19 CMakeFiles/modbusSlave.elf.dir/Core/Startup/startup_stm32f205vctx.s.obj
 .debug_rnglists
                0x00000112       0xaf CMakeFiles/modbusSlave.elf.dir/Drivers/STM32F2xx_HAL_Driver/Src/stm32f2xx_hal.c.obj
 .debug_rnglists
                0x000001c1       0xa9 CMakeFiles/modbusSlave.elf.dir/Drivers/STM32F2xx_HAL_Driver/Src/stm32f2xx_hal_cortex.c.obj
 .debug_rnglists
                0x0000026a       0x6c CMakeFiles/modbusSlave.elf.dir/Drivers/STM32F2xx_HAL_Driver/Src/stm32f2xx_hal_dma.c.obj
 .debug_rnglists
                0x000002d6       0x3f CMakeFiles/modbusSlave.elf.dir/Drivers/STM32F2xx_HAL_Driver/Src/stm32f2xx_hal_gpio.c.obj
 .debug_rnglists
                0x00000315       0x82 CMakeFiles/modbusSlave.elf.dir/Drivers/STM32F2xx_HAL_Driver/Src/stm32f2xx_hal_rcc.c.obj
 .debug_rnglists
                0x00000397      0x1a1 CMakeFiles/modbusSlave.elf.dir/Drivers/STM32F2xx_HAL_Driver/Src/stm32f2xx_hal_uart.c.obj
 .debug_rnglists
                0x00000538       0x13 C:/ST/STM32CubeIDE_1.17.0/STM32CubeIDE/plugins/com.st.stm32cube.ide.mcu.externaltools.gnu-tools-for-stm32.12.3.rel1.win32_1.1.0.202410251130/tools/bin/../lib/gcc/arm-none-eabi/12.3.1/../../../../arm-none-eabi/lib/thumb/v7-m/nofp\libg.a(libc_a-memset.o)
 .debug_rnglists
                0x0000054b       0x13 C:/ST/STM32CubeIDE_1.17.0/STM32CubeIDE/plugins/com.st.stm32cube.ide.mcu.externaltools.gnu-tools-for-stm32.12.3.rel1.win32_1.1.0.202410251130/tools/bin/../lib/gcc/arm-none-eabi/12.3.1/../../../../arm-none-eabi/lib/thumb/v7-m/nofp\libg.a(libc_a-init.o)
 .debug_rnglists
                0x0000055e       0x49 C:/ST/STM32CubeIDE_1.17.0/STM32CubeIDE/plugins/com.st.stm32cube.ide.mcu.externaltools.gnu-tools-for-stm32.12.3.rel1.win32_1.1.0.202410251130/tools/bin/../lib/gcc/arm-none-eabi/12.3.1/../../../../arm-none-eabi/lib/thumb/v7-m/nofp\libg.a(libc_a-lock.o)
 .debug_rnglists
                0x000005a7       0x2a C:/ST/STM32CubeIDE_1.17.0/STM32CubeIDE/plugins/com.st.stm32cube.ide.mcu.externaltools.gnu-tools-for-stm32.12.3.rel1.win32_1.1.0.202410251130/tools/bin/../lib/gcc/arm-none-eabi/12.3.1/../../../../arm-none-eabi/lib/thumb/v7-m/nofp\libg.a(libc_a-__call_atexit.o)
 .debug_rnglists
                0x000005d1       0x13 C:/ST/STM32CubeIDE_1.17.0/STM32CubeIDE/plugins/com.st.stm32cube.ide.mcu.externaltools.gnu-tools-for-stm32.12.3.rel1.win32_1.1.0.202410251130/tools/bin/../lib/gcc/arm-none-eabi/12.3.1/../../../../arm-none-eabi/lib/thumb/v7-m/nofp\libg.a(libc_a-atexit.o)
 .debug_rnglists
                0x000005e4       0x13 C:/ST/STM32CubeIDE_1.17.0/STM32CubeIDE/plugins/com.st.stm32cube.ide.mcu.externaltools.gnu-tools-for-stm32.12.3.rel1.win32_1.1.0.202410251130/tools/bin/../lib/gcc/arm-none-eabi/12.3.1/../../../../arm-none-eabi/lib/thumb/v7-m/nofp\libg.a(libc_a-fini.o)
 .debug_rnglists
                0x000005f7       0x14 C:/ST/STM32CubeIDE_1.17.0/STM32CubeIDE/plugins/com.st.stm32cube.ide.mcu.externaltools.gnu-tools-for-stm32.12.3.rel1.win32_1.1.0.202410251130/tools/bin/../lib/gcc/arm-none-eabi/12.3.1/../../../../arm-none-eabi/lib/thumb/v7-m/nofp\libg.a(libc_a-__atexit.o)

.debug_line     0x00000000     0x9ad5
 .debug_line    0x00000000      0x901 CMakeFiles/modbusSlave.elf.dir/Core/Src/main.c.obj
 .debug_line    0x00000901      0x3ee CMakeFiles/modbusSlave.elf.dir/Core/Src/stm32f2xx_hal_msp.c.obj
 .debug_line    0x00000cef      0x42b CMakeFiles/modbusSlave.elf.dir/Core/Src/stm32f2xx_it.c.obj
 .debug_line    0x0000111a      0x369 CMakeFiles/modbusSlave.elf.dir/Core/Src/system_stm32f2xx.c.obj
 .debug_line    0x00001483       0x7a CMakeFiles/modbusSlave.elf.dir/Core/Startup/startup_stm32f205vctx.s.obj
 .debug_line    0x000014fd      0x720 CMakeFiles/modbusSlave.elf.dir/Drivers/STM32F2xx_HAL_Driver/Src/stm32f2xx_hal.c.obj
 .debug_line    0x00001c1d      0x99d CMakeFiles/modbusSlave.elf.dir/Drivers/STM32F2xx_HAL_Driver/Src/stm32f2xx_hal_cortex.c.obj
 .debug_line    0x000025ba      0xfba CMakeFiles/modbusSlave.elf.dir/Drivers/STM32F2xx_HAL_Driver/Src/stm32f2xx_hal_dma.c.obj
 .debug_line    0x00003574      0x801 CMakeFiles/modbusSlave.elf.dir/Drivers/STM32F2xx_HAL_Driver/Src/stm32f2xx_hal_gpio.c.obj
 .debug_line    0x00003d75      0xe3d CMakeFiles/modbusSlave.elf.dir/Drivers/STM32F2xx_HAL_Driver/Src/stm32f2xx_hal_rcc.c.obj
 .debug_line    0x00004bb2     0x441b CMakeFiles/modbusSlave.elf.dir/Drivers/STM32F2xx_HAL_Driver/Src/stm32f2xx_hal_uart.c.obj
 .debug_line    0x00008fcd      0x17e C:/ST/STM32CubeIDE_1.17.0/STM32CubeIDE/plugins/com.st.stm32cube.ide.mcu.externaltools.gnu-tools-for-stm32.12.3.rel1.win32_1.1.0.202410251130/tools/bin/../lib/gcc/arm-none-eabi/12.3.1/../../../../arm-none-eabi/lib/thumb/v7-m/nofp\libg.a(libc_a-memset.o)
 .debug_line    0x0000914b      0x17d C:/ST/STM32CubeIDE_1.17.0/STM32CubeIDE/plugins/com.st.stm32cube.ide.mcu.externaltools.gnu-tools-for-stm32.12.3.rel1.win32_1.1.0.202410251130/tools/bin/../lib/gcc/arm-none-eabi/12.3.1/../../../../arm-none-eabi/lib/thumb/v7-m/nofp\libg.a(libc_a-init.o)
 .debug_line    0x000092c8      0x19b C:/ST/STM32CubeIDE_1.17.0/STM32CubeIDE/plugins/com.st.stm32cube.ide.mcu.externaltools.gnu-tools-for-stm32.12.3.rel1.win32_1.1.0.202410251130/tools/bin/../lib/gcc/arm-none-eabi/12.3.1/../../../../arm-none-eabi/lib/thumb/v7-m/nofp\libg.a(libc_a-lock.o)
 .debug_line    0x00009463      0x28b C:/ST/STM32CubeIDE_1.17.0/STM32CubeIDE/plugins/com.st.stm32cube.ide.mcu.externaltools.gnu-tools-for-stm32.12.3.rel1.win32_1.1.0.202410251130/tools/bin/../lib/gcc/arm-none-eabi/12.3.1/../../../../arm-none-eabi/lib/thumb/v7-m/nofp\libg.a(libc_a-__call_atexit.o)
 .debug_line    0x000096ee      0x102 C:/ST/STM32CubeIDE_1.17.0/STM32CubeIDE/plugins/com.st.stm32cube.ide.mcu.externaltools.gnu-tools-for-stm32.12.3.rel1.win32_1.1.0.202410251130/tools/bin/../lib/gcc/arm-none-eabi/12.3.1/../../../../arm-none-eabi/lib/thumb/v7-m/nofp\libg.a(libc_a-atexit.o)
 .debug_line    0x000097f0      0x140 C:/ST/STM32CubeIDE_1.17.0/STM32CubeIDE/plugins/com.st.stm32cube.ide.mcu.externaltools.gnu-tools-for-stm32.12.3.rel1.win32_1.1.0.202410251130/tools/bin/../lib/gcc/arm-none-eabi/12.3.1/../../../../arm-none-eabi/lib/thumb/v7-m/nofp\libg.a(libc_a-fini.o)
 .debug_line    0x00009930      0x1a5 C:/ST/STM32CubeIDE_1.17.0/STM32CubeIDE/plugins/com.st.stm32cube.ide.mcu.externaltools.gnu-tools-for-stm32.12.3.rel1.win32_1.1.0.202410251130/tools/bin/../lib/gcc/arm-none-eabi/12.3.1/../../../../arm-none-eabi/lib/thumb/v7-m/nofp\libg.a(libc_a-__atexit.o)

.debug_str      0x00000000     0x2cae
 .debug_str     0x00000000      0xa56 CMakeFiles/modbusSlave.elf.dir/Core/Src/main.c.obj
                                0xb0b (size before relaxing)
 .debug_str     0x00000a56      0x589 CMakeFiles/modbusSlave.elf.dir/Core/Src/stm32f2xx_hal_msp.c.obj
                                0xcfa (size before relaxing)
 .debug_str     0x00000fdf       0xec CMakeFiles/modbusSlave.elf.dir/Core/Src/stm32f2xx_it.c.obj
                                0x6e5 (size before relaxing)
 .debug_str     0x000010cb       0x97 CMakeFiles/modbusSlave.elf.dir/Core/Src/system_stm32f2xx.c.obj
                                0x328 (size before relaxing)
 .debug_str     0x00001162       0x54 CMakeFiles/modbusSlave.elf.dir/Core/Startup/startup_stm32f205vctx.s.obj
                                 0x79 (size before relaxing)
 .debug_str     0x000011b6      0x35f CMakeFiles/modbusSlave.elf.dir/Drivers/STM32F2xx_HAL_Driver/Src/stm32f2xx_hal.c.obj
                                0xb6f (size before relaxing)
 .debug_str     0x00001515      0x4c2 CMakeFiles/modbusSlave.elf.dir/Drivers/STM32F2xx_HAL_Driver/Src/stm32f2xx_hal_cortex.c.obj
                                0xc4a (size before relaxing)
 .debug_str     0x000019d7      0x329 CMakeFiles/modbusSlave.elf.dir/Drivers/STM32F2xx_HAL_Driver/Src/stm32f2xx_hal_dma.c.obj
                                0x77d (size before relaxing)
 .debug_str     0x00001d00      0x123 CMakeFiles/modbusSlave.elf.dir/Drivers/STM32F2xx_HAL_Driver/Src/stm32f2xx_hal_gpio.c.obj
                                0x4d6 (size before relaxing)
 .debug_str     0x00001e23      0x1bd CMakeFiles/modbusSlave.elf.dir/Drivers/STM32F2xx_HAL_Driver/Src/stm32f2xx_hal_rcc.c.obj
                                0x717 (size before relaxing)
 .debug_str     0x00001fe0      0x5c9 CMakeFiles/modbusSlave.elf.dir/Drivers/STM32F2xx_HAL_Driver/Src/stm32f2xx_hal_uart.c.obj
                                0xd7d (size before relaxing)
 .debug_str     0x000025a9      0x161 C:/ST/STM32CubeIDE_1.17.0/STM32CubeIDE/plugins/com.st.stm32cube.ide.mcu.externaltools.gnu-tools-for-stm32.12.3.rel1.win32_1.1.0.202410251130/tools/bin/../lib/gcc/arm-none-eabi/12.3.1/../../../../arm-none-eabi/lib/thumb/v7-m/nofp\libg.a(libc_a-memset.o)
                                0x204 (size before relaxing)
 .debug_str     0x0000270a       0xb6 C:/ST/STM32CubeIDE_1.17.0/STM32CubeIDE/plugins/com.st.stm32cube.ide.mcu.externaltools.gnu-tools-for-stm32.12.3.rel1.win32_1.1.0.202410251130/tools/bin/../lib/gcc/arm-none-eabi/12.3.1/../../../../arm-none-eabi/lib/thumb/v7-m/nofp\libg.a(libc_a-init.o)
                                0x265 (size before relaxing)
 .debug_str     0x000027c0      0x266 C:/ST/STM32CubeIDE_1.17.0/STM32CubeIDE/plugins/com.st.stm32cube.ide.mcu.externaltools.gnu-tools-for-stm32.12.3.rel1.win32_1.1.0.202410251130/tools/bin/../lib/gcc/arm-none-eabi/12.3.1/../../../../arm-none-eabi/lib/thumb/v7-m/nofp\libg.a(libc_a-lock.o)
                                0x377 (size before relaxing)
 .debug_str     0x00002a26      0x105 C:/ST/STM32CubeIDE_1.17.0/STM32CubeIDE/plugins/com.st.stm32cube.ide.mcu.externaltools.gnu-tools-for-stm32.12.3.rel1.win32_1.1.0.202410251130/tools/bin/../lib/gcc/arm-none-eabi/12.3.1/../../../../arm-none-eabi/lib/thumb/v7-m/nofp\libg.a(libc_a-__call_atexit.o)
                                0x341 (size before relaxing)
 .debug_str     0x00002b2b       0x9e C:/ST/STM32CubeIDE_1.17.0/STM32CubeIDE/plugins/com.st.stm32cube.ide.mcu.externaltools.gnu-tools-for-stm32.12.3.rel1.win32_1.1.0.202410251130/tools/bin/../lib/gcc/arm-none-eabi/12.3.1/../../../../arm-none-eabi/lib/thumb/v7-m/nofp\libg.a(libc_a-atexit.o)
                                0x241 (size before relaxing)
 .debug_str     0x00002bc9       0x7a C:/ST/STM32CubeIDE_1.17.0/STM32CubeIDE/plugins/com.st.stm32cube.ide.mcu.externaltools.gnu-tools-for-stm32.12.3.rel1.win32_1.1.0.202410251130/tools/bin/../lib/gcc/arm-none-eabi/12.3.1/../../../../arm-none-eabi/lib/thumb/v7-m/nofp\libg.a(libc_a-fini.o)
                                0x23b (size before relaxing)
 .debug_str     0x00002c43       0x6b C:/ST/STM32CubeIDE_1.17.0/STM32CubeIDE/plugins/com.st.stm32cube.ide.mcu.externaltools.gnu-tools-for-stm32.12.3.rel1.win32_1.1.0.202410251130/tools/bin/../lib/gcc/arm-none-eabi/12.3.1/../../../../arm-none-eabi/lib/thumb/v7-m/nofp\libg.a(libc_a-__atexit.o)
                                0x318 (size before relaxing)

.comment        0x00000000       0x43
 .comment       0x00000000       0x43 CMakeFiles/modbusSlave.elf.dir/Core/Src/main.c.obj
                                 0x44 (size before relaxing)
 .comment       0x00000043       0x44 CMakeFiles/modbusSlave.elf.dir/Core/Src/stm32f2xx_hal_msp.c.obj
 .comment       0x00000043       0x44 CMakeFiles/modbusSlave.elf.dir/Core/Src/stm32f2xx_it.c.obj
 .comment       0x00000043       0x44 CMakeFiles/modbusSlave.elf.dir/Core/Src/system_stm32f2xx.c.obj
 .comment       0x00000043       0x44 CMakeFiles/modbusSlave.elf.dir/Drivers/STM32F2xx_HAL_Driver/Src/stm32f2xx_hal.c.obj
 .comment       0x00000043       0x44 CMakeFiles/modbusSlave.elf.dir/Drivers/STM32F2xx_HAL_Driver/Src/stm32f2xx_hal_cortex.c.obj
 .comment       0x00000043       0x44 CMakeFiles/modbusSlave.elf.dir/Drivers/STM32F2xx_HAL_Driver/Src/stm32f2xx_hal_dma.c.obj
 .comment       0x00000043       0x44 CMakeFiles/modbusSlave.elf.dir/Drivers/STM32F2xx_HAL_Driver/Src/stm32f2xx_hal_gpio.c.obj
 .comment       0x00000043       0x44 CMakeFiles/modbusSlave.elf.dir/Drivers/STM32F2xx_HAL_Driver/Src/stm32f2xx_hal_rcc.c.obj
 .comment       0x00000043       0x44 CMakeFiles/modbusSlave.elf.dir/Drivers/STM32F2xx_HAL_Driver/Src/stm32f2xx_hal_uart.c.obj
 .comment       0x00000043       0x44 C:/ST/STM32CubeIDE_1.17.0/STM32CubeIDE/plugins/com.st.stm32cube.ide.mcu.externaltools.gnu-tools-for-stm32.12.3.rel1.win32_1.1.0.202410251130/tools/bin/../lib/gcc/arm-none-eabi/12.3.1/../../../../arm-none-eabi/lib/thumb/v7-m/nofp\libg.a(libc_a-memset.o)
 .comment       0x00000043       0x44 C:/ST/STM32CubeIDE_1.17.0/STM32CubeIDE/plugins/com.st.stm32cube.ide.mcu.externaltools.gnu-tools-for-stm32.12.3.rel1.win32_1.1.0.202410251130/tools/bin/../lib/gcc/arm-none-eabi/12.3.1/../../../../arm-none-eabi/lib/thumb/v7-m/nofp\libg.a(libc_a-init.o)
 .comment       0x00000043       0x44 C:/ST/STM32CubeIDE_1.17.0/STM32CubeIDE/plugins/com.st.stm32cube.ide.mcu.externaltools.gnu-tools-for-stm32.12.3.rel1.win32_1.1.0.202410251130/tools/bin/../lib/gcc/arm-none-eabi/12.3.1/../../../../arm-none-eabi/lib/thumb/v7-m/nofp\libg.a(libc_a-lock.o)
 .comment       0x00000043       0x44 C:/ST/STM32CubeIDE_1.17.0/STM32CubeIDE/plugins/com.st.stm32cube.ide.mcu.externaltools.gnu-tools-for-stm32.12.3.rel1.win32_1.1.0.202410251130/tools/bin/../lib/gcc/arm-none-eabi/12.3.1/../../../../arm-none-eabi/lib/thumb/v7-m/nofp\libg.a(libc_a-__call_atexit.o)
 .comment       0x00000043       0x44 C:/ST/STM32CubeIDE_1.17.0/STM32CubeIDE/plugins/com.st.stm32cube.ide.mcu.externaltools.gnu-tools-for-stm32.12.3.rel1.win32_1.1.0.202410251130/tools/bin/../lib/gcc/arm-none-eabi/12.3.1/../../../../arm-none-eabi/lib/thumb/v7-m/nofp\libg.a(libc_a-atexit.o)
 .comment       0x00000043       0x44 C:/ST/STM32CubeIDE_1.17.0/STM32CubeIDE/plugins/com.st.stm32cube.ide.mcu.externaltools.gnu-tools-for-stm32.12.3.rel1.win32_1.1.0.202410251130/tools/bin/../lib/gcc/arm-none-eabi/12.3.1/../../../../arm-none-eabi/lib/thumb/v7-m/nofp\libg.a(libc_a-fini.o)
 .comment       0x00000043       0x44 C:/ST/STM32CubeIDE_1.17.0/STM32CubeIDE/plugins/com.st.stm32cube.ide.mcu.externaltools.gnu-tools-for-stm32.12.3.rel1.win32_1.1.0.202410251130/tools/bin/../lib/gcc/arm-none-eabi/12.3.1/../../../../arm-none-eabi/lib/thumb/v7-m/nofp\libg.a(libc_a-__atexit.o)

.debug_frame    0x00000000     0x122c
 .debug_frame   0x00000000      0x118 CMakeFiles/modbusSlave.elf.dir/Core/Src/main.c.obj
 .debug_frame   0x00000118       0x60 CMakeFiles/modbusSlave.elf.dir/Core/Src/stm32f2xx_hal_msp.c.obj
 .debug_frame   0x00000178       0xc0 CMakeFiles/modbusSlave.elf.dir/Core/Src/stm32f2xx_it.c.obj
 .debug_frame   0x00000238       0x30 CMakeFiles/modbusSlave.elf.dir/Core/Src/system_stm32f2xx.c.obj
 .debug_frame   0x00000268      0x1ec CMakeFiles/modbusSlave.elf.dir/Drivers/STM32F2xx_HAL_Driver/Src/stm32f2xx_hal.c.obj
 .debug_frame   0x00000454      0x1ec CMakeFiles/modbusSlave.elf.dir/Drivers/STM32F2xx_HAL_Driver/Src/stm32f2xx_hal_cortex.c.obj
 .debug_frame   0x00000640      0x188 CMakeFiles/modbusSlave.elf.dir/Drivers/STM32F2xx_HAL_Driver/Src/stm32f2xx_hal_dma.c.obj
 .debug_frame   0x000007c8       0xd0 CMakeFiles/modbusSlave.elf.dir/Drivers/STM32F2xx_HAL_Driver/Src/stm32f2xx_hal_gpio.c.obj
 .debug_frame   0x00000898      0x178 CMakeFiles/modbusSlave.elf.dir/Drivers/STM32F2xx_HAL_Driver/Src/stm32f2xx_hal_rcc.c.obj
 .debug_frame   0x00000a10      0x5dc CMakeFiles/modbusSlave.elf.dir/Drivers/STM32F2xx_HAL_Driver/Src/stm32f2xx_hal_uart.c.obj
 .debug_frame   0x00000fec       0x2c C:/ST/STM32CubeIDE_1.17.0/STM32CubeIDE/plugins/com.st.stm32cube.ide.mcu.externaltools.gnu-tools-for-stm32.12.3.rel1.win32_1.1.0.202410251130/tools/bin/../lib/gcc/arm-none-eabi/12.3.1/thumb/v7-m/nofp\libgcc.a(_aeabi_uldivmod.o)
 .debug_frame   0x00001018       0x34 C:/ST/STM32CubeIDE_1.17.0/STM32CubeIDE/plugins/com.st.stm32cube.ide.mcu.externaltools.gnu-tools-for-stm32.12.3.rel1.win32_1.1.0.202410251130/tools/bin/../lib/gcc/arm-none-eabi/12.3.1/thumb/v7-m/nofp\libgcc.a(_udivmoddi4.o)
 .debug_frame   0x0000104c       0x20 C:/ST/STM32CubeIDE_1.17.0/STM32CubeIDE/plugins/com.st.stm32cube.ide.mcu.externaltools.gnu-tools-for-stm32.12.3.rel1.win32_1.1.0.202410251130/tools/bin/../lib/gcc/arm-none-eabi/12.3.1/../../../../arm-none-eabi/lib/thumb/v7-m/nofp\libg.a(libc_a-memset.o)
 .debug_frame   0x0000106c       0x2c C:/ST/STM32CubeIDE_1.17.0/STM32CubeIDE/plugins/com.st.stm32cube.ide.mcu.externaltools.gnu-tools-for-stm32.12.3.rel1.win32_1.1.0.202410251130/tools/bin/../lib/gcc/arm-none-eabi/12.3.1/../../../../arm-none-eabi/lib/thumb/v7-m/nofp\libg.a(libc_a-init.o)
 .debug_frame   0x00001098       0xb0 C:/ST/STM32CubeIDE_1.17.0/STM32CubeIDE/plugins/com.st.stm32cube.ide.mcu.externaltools.gnu-tools-for-stm32.12.3.rel1.win32_1.1.0.202410251130/tools/bin/../lib/gcc/arm-none-eabi/12.3.1/../../../../arm-none-eabi/lib/thumb/v7-m/nofp\libg.a(libc_a-lock.o)
 .debug_frame   0x00001148       0x58 C:/ST/STM32CubeIDE_1.17.0/STM32CubeIDE/plugins/com.st.stm32cube.ide.mcu.externaltools.gnu-tools-for-stm32.12.3.rel1.win32_1.1.0.202410251130/tools/bin/../lib/gcc/arm-none-eabi/12.3.1/../../../../arm-none-eabi/lib/thumb/v7-m/nofp\libg.a(libc_a-__call_atexit.o)
 .debug_frame   0x000011a0       0x20 C:/ST/STM32CubeIDE_1.17.0/STM32CubeIDE/plugins/com.st.stm32cube.ide.mcu.externaltools.gnu-tools-for-stm32.12.3.rel1.win32_1.1.0.202410251130/tools/bin/../lib/gcc/arm-none-eabi/12.3.1/../../../../arm-none-eabi/lib/thumb/v7-m/nofp\libg.a(libc_a-atexit.o)
 .debug_frame   0x000011c0       0x38 C:/ST/STM32CubeIDE_1.17.0/STM32CubeIDE/plugins/com.st.stm32cube.ide.mcu.externaltools.gnu-tools-for-stm32.12.3.rel1.win32_1.1.0.202410251130/tools/bin/../lib/gcc/arm-none-eabi/12.3.1/../../../../arm-none-eabi/lib/thumb/v7-m/nofp\libg.a(libc_a-fini.o)
 .debug_frame   0x000011f8       0x34 C:/ST/STM32CubeIDE_1.17.0/STM32CubeIDE/plugins/com.st.stm32cube.ide.mcu.externaltools.gnu-tools-for-stm32.12.3.rel1.win32_1.1.0.202410251130/tools/bin/../lib/gcc/arm-none-eabi/12.3.1/../../../../arm-none-eabi/lib/thumb/v7-m/nofp\libg.a(libc_a-__atexit.o)

.debug_line_str
                0x00000000       0x5d
 .debug_line_str
                0x00000000       0x5d CMakeFiles/modbusSlave.elf.dir/Core/Startup/startup_stm32f205vctx.s.obj
